20:38:00 **** Incremental Build of configuration Debug for project xxq ****
make -j16 all 
arm-none-eabi-gcc "../Core/Src/hardware/Motor.c" -mcpu=cortex-m4 -std=gnu11 -g3 -DUSE_HAL_DRIVER -DSTM32F446xx -DDEBUG -c -I../Core/Inc -I../Drivers/STM32F4xx_HAL_Driver/Inc -I../Drivers/STM32F4xx_HAL_Driver/Inc/Legacy -I../Drivers/CMSIS/Device/ST/STM32F4xx/Include -I../Drivers/CMSIS/Include -O0 -ffunction-sections -fdata-sections -Wall -fstack-usage -fcyclomatic-complexity -MMD -MP -MF"Core/Src/hardware/Motor.d" -MT"Core/Src/hardware/Motor.o" --specs=nano.specs -mfpu=fpv4-sp-d16 -mfloat-abi=hard -mthumb -o "Core/Src/hardware/Motor.o"
arm-none-eabi-gcc "../Core/Src/main.c" -mcpu=cortex-m4 -std=gnu11 -g3 -DUSE_HAL_DRIVER -DSTM32F446xx -DDEBUG -c -I../Core/Inc -I../Drivers/STM32F4xx_HAL_Driver/Inc -I../Drivers/STM32F4xx_HAL_Driver/Inc/Legacy -I../Drivers/CMSIS/Device/ST/STM32F4xx/Include -I../Drivers/CMSIS/Include -O0 -ffunction-sections -fdata-sections -Wall -fstack-usage -fcyclomatic-complexity -MMD -MP -MF"Core/Src/main.d" -MT"Core/Src/main.o" --specs=nano.specs -mfpu=fpv4-sp-d16 -mfloat-abi=hard -mthumb -o "Core/Src/main.o"
../Core/Src/hardware/Motor.c: In function 'Motor_Init':
../Core/Src/hardware/Motor.c:79:13: warning: unused variable 'rightCount' [-Wunused-variable]
   79 |     int16_t rightCount = (int16_t)__HAL_TIM_GET_COUNTER(&htim2);
      |             ^~~~~~~~~~
../Core/Src/hardware/Motor.c:78:13: warning: unused variable 'leftCount' [-Wunused-variable]
   78 |     int16_t leftCount = (int16_t)__HAL_TIM_GET_COUNTER(&htim3);
      |             ^~~~~~~~~
../Core/Src/hardware/Motor.c: In function 'Motor_PID_Control':
../Core/Src/hardware/Motor.c:527:57: warning: implicit declaration of function 'strlen' [-Wimplicit-function-declaration]
  527 |             HAL_UART_Transmit(&huart4, (uint8_t*)debug, strlen(debug), 100);
      |                                                         ^~~~~~
../Core/Src/hardware/Motor.c:9:1: note: include '<string.h>' or provide a declaration of 'strlen'
    8 | #include "OLED.h"
  +++ |+#include <string.h>
    9 | 
../Core/Src/hardware/Motor.c:527:57: warning: incompatible implicit declaration of built-in function 'strlen' [-Wbuiltin-declaration-mismatch]
  527 |             HAL_UART_Transmit(&huart4, (uint8_t*)debug, strlen(debug), 100);
      |                                                         ^~~~~~
../Core/Src/hardware/Motor.c:527:57: note: include '<string.h>' or provide a declaration of 'strlen'
../Core/Src/hardware/Motor.c: In function 'Motor_EncoderSingleTest':
../Core/Src/hardware/Motor.c:642:47: warning: incompatible implicit declaration of built-in function 'strlen' [-Wbuiltin-declaration-mismatch]
  642 |     HAL_UART_Transmit(&huart4, (uint8_t*)msg, strlen(msg), 100);
      |                                               ^~~~~~
../Core/Src/hardware/Motor.c:642:47: note: include '<string.h>' or provide a declaration of 'strlen'
../Core/Src/hardware/Motor.c: In function 'Motor_EncoderDiagnosticTest':
../Core/Src/hardware/Motor.c:723:47: warning: incompatible implicit declaration of built-in function 'strlen' [-Wbuiltin-declaration-mismatch]
  723 |     HAL_UART_Transmit(&huart4, (uint8_t*)msg, strlen(msg), 100);
      |                                               ^~~~~~
../Core/Src/hardware/Motor.c:723:47: note: include '<string.h>' or provide a declaration of 'strlen'
../Core/Src/hardware/Motor.c: In function 'Motor_EncoderFullTest':
../Core/Src/hardware/Motor.c:801:47: warning: incompatible implicit declaration of built-in function 'strlen' [-Wbuiltin-declaration-mismatch]
  801 |     HAL_UART_Transmit(&huart4, (uint8_t*)msg, strlen(msg), 100);
      |                                               ^~~~~~
../Core/Src/hardware/Motor.c:801:47: note: include '<string.h>' or provide a declaration of 'strlen'
../Core/Src/hardware/Motor.c: In function 'Motor_PWM_Calibration':
../Core/Src/hardware/Motor.c:848:47: warning: incompatible implicit declaration of built-in function 'strlen' [-Wbuiltin-declaration-mismatch]
  848 |     HAL_UART_Transmit(&huart4, (uint8_t*)msg, strlen(msg), 100);
      |                                               ^~~~~~
../Core/Src/hardware/Motor.c:848:47: note: include '<string.h>' or provide a declaration of 'strlen'
../Core/Src/hardware/Motor.c: In function 'Motor_EncoderQuickCheck':
../Core/Src/hardware/Motor.c:946:47: warning: incompatible implicit declaration of built-in function 'strlen' [-Wbuiltin-declaration-mismatch]
  946 |     HAL_UART_Transmit(&huart4, (uint8_t*)msg, strlen(msg), 100);
      |                                               ^~~~~~
../Core/Src/hardware/Motor.c:946:47: note: include '<string.h>' or provide a declaration of 'strlen'
../Core/Src/main.c: In function 'main':
../Core/Src/main.c:288:22: warning: implicit declaration of function 'fabsf' [-Wimplicit-function-declaration]
  288 |                     (fabsf(speed_right_raw) > 10.0f) ? "R_ENC_OVERFLOW!" : "OK");
      |                      ^~~~~
../Core/Src/main.c:36:1: note: include '<math.h>' or provide a declaration of 'fabsf'
   35 | #include "hardware/Encoder.h"
  +++ |+#include <math.h>
   36 | 
../Core/Src/main.c:288:22: warning: incompatible implicit declaration of built-in function 'fabsf' [-Wbuiltin-declaration-mismatch]
  288 |                     (fabsf(speed_right_raw) > 10.0f) ? "R_ENC_OVERFLOW!" : "OK");
      |                      ^~~~~
../Core/Src/main.c:288:22: note: include '<math.h>' or provide a declaration of 'fabsf'
../Core/Src/main.c:313:31: warning: passing argument 1 of 'HAL_UART_Transmit' from incompatible pointer type [-Wincompatible-pointer-types]
  313 |             HAL_UART_Transmit(&htim1, (uint8_t*)"Right Motor Only (50%)\r\n", 25, HAL_MAX_DELAY);
      |                               ^~~~~~
      |                               |
      |                               TIM_HandleTypeDef *
In file included from ../Core/Inc/stm32f4xx_hal_conf.h:404,
                 from ../Drivers/STM32F4xx_HAL_Driver/Inc/stm32f4xx_hal.h:30,
                 from ../Core/Inc/main.h:33,
                 from ../Core/Src/main.c:23:
../Drivers/STM32F4xx_HAL_Driver/Inc/stm32f4xx_hal_uart.h:696:57: note: expected 'UART_HandleTypeDef *' {aka 'struct __UART_HandleTypeDef *'} but argument is of type 'TIM_HandleTypeDef *'
  696 | HAL_StatusTypeDef HAL_UART_Transmit(UART_HandleTypeDef *huart, uint8_t *pData, uint16_t Size, uint32_t Timeout);
      |                                     ~~~~~~~~~~~~~~~~~~~~^~~~~
../Core/Src/main.c:157:9: warning: unused variable 'dt' [-Wunused-variable]
  157 |   float dt = 0.0f;
      |         ^~
../Core/Src/main.c:156:12: warning: unused variable 'current_time' [-Wunused-variable]
  156 |   uint32_t current_time = 0;
      |            ^~~~~~~~~~~~
../Core/Src/main.c:155:12: warning: unused variable 'previous_time' [-Wunused-variable]
  155 |   uint32_t previous_time = 0;
      |            ^~~~~~~~~~~~~
../Core/Src/main.c: In function 'Send_MPU6500_Data':
../Core/Src/main.c:777:94: warning: format '%X' expects argument of type 'unsigned int', but argument 4 has type 'uint32_t' {aka 'long unsigned int'} [-Wformat=]
  777 |             snprintf(msg + strlen(msg), sizeof(msg) - strlen(msg), "I2C: Unknown error (0x%02X)\r\n", HAL_I2C_GetError(&hi2c1));
      |                                                                                           ~~~^        ~~~~~~~~~~~~~~~~~~~~~~~~
      |                                                                                              |        |
      |                                                                                              |        uint32_t {aka long unsigned int}
      |                                                                                              unsigned int
      |                                                                                           %02lX
arm-none-eabi-gcc -o "xxq.elf" @"objects.list"   -mcpu=cortex-m4 -T"D:\Programs\STM32CubeIDE\workspace\xxq\STM32F446RETX_FLASH.ld" --specs=nosys.specs -Wl,-Map="xxq.map" -Wl,--gc-sections -static -u _printf_float --specs=nano.specs -mfpu=fpv4-sp-d16 -mfloat-abi=hard -mthumb -Wl,--start-group -lc -lm -Wl,--end-group
D:/Programs/STM32CubeIDE/STM32CubeIDE_1.19.0/STM32CubeIDE/plugins/com.st.stm32cube.ide.mcu.externaltools.gnu-tools-for-stm32.13.3.rel1.win32_1.0.0.202411081344/tools/bin/../lib/gcc/arm-none-eabi/13.3.1/../../../../arm-none-eabi/bin/ld.exe: warning: xxq.elf has a LOAD segment with RWX permissions
Finished building target: xxq.elf
 
arm-none-eabi-size  xxq.elf 
arm-none-eabi-objdump -h -S xxq.elf  > "xxq.list"
   text	   data	    bss	    dec	    hex	filename
  59108	    476	   2740	  62324	   f374	xxq.elf
Finished building: default.size.stdout
 
Finished building: xxq.list
 
20:38:10 **** Incremental Build of configuration Debug for project xxq ****
make -j16 all 
arm-none-eabi-size  xxq.elf 
   text	   data	    bss	    dec	    hex	filename
  59108	    476	   2740	  62324	   f374	xxq.elf
Finished building: default.size.stdout
 
20:44:27 **** Incremental Build of configuration Debug for project xxq ****
make -j16 all 
arm-none-eabi-gcc "../Core/Src/hardware/Motor.c" -mcpu=cortex-m4 -std=gnu11 -g3 -DUSE_HAL_DRIVER -DSTM32F446xx -DDEBUG -c -I../Core/Inc -I../Drivers/STM32F4xx_HAL_Driver/Inc -I../Drivers/STM32F4xx_HAL_Driver/Inc/Legacy -I../Drivers/CMSIS/Device/ST/STM32F4xx/Include -I../Drivers/CMSIS/Include -O0 -ffunction-sections -fdata-sections -Wall -fstack-usage -fcyclomatic-complexity -MMD -MP -MF"Core/Src/hardware/Motor.d" -MT"Core/Src/hardware/Motor.o" --specs=nano.specs -mfpu=fpv4-sp-d16 -mfloat-abi=hard -mthumb -o "Core/Src/hardware/Motor.o"
arm-none-eabi-gcc "../Core/Src/hardware/mpu6500.c" -mcpu=cortex-m4 -std=gnu11 -g3 -DUSE_HAL_DRIVER -DSTM32F446xx -DDEBUG -c -I../Core/Inc -I../Drivers/STM32F4xx_HAL_Driver/Inc -I../Drivers/STM32F4xx_HAL_Driver/Inc/Legacy -I../Drivers/CMSIS/Device/ST/STM32F4xx/Include -I../Drivers/CMSIS/Include -O0 -ffunction-sections -fdata-sections -Wall -fstack-usage -fcyclomatic-complexity -MMD -MP -MF"Core/Src/hardware/mpu6500.d" -MT"Core/Src/hardware/mpu6500.o" --specs=nano.specs -mfpu=fpv4-sp-d16 -mfloat-abi=hard -mthumb -o "Core/Src/hardware/mpu6500.o"
arm-none-eabi-gcc "../Core/Src/main.c" -mcpu=cortex-m4 -std=gnu11 -g3 -DUSE_HAL_DRIVER -DSTM32F446xx -DDEBUG -c -I../Core/Inc -I../Drivers/STM32F4xx_HAL_Driver/Inc -I../Drivers/STM32F4xx_HAL_Driver/Inc/Legacy -I../Drivers/CMSIS/Device/ST/STM32F4xx/Include -I../Drivers/CMSIS/Include -O0 -ffunction-sections -fdata-sections -Wall -fstack-usage -fcyclomatic-complexity -MMD -MP -MF"Core/Src/main.d" -MT"Core/Src/main.o" --specs=nano.specs -mfpu=fpv4-sp-d16 -mfloat-abi=hard -mthumb -o "Core/Src/main.o"
../Core/Src/hardware/Motor.c: In function 'Motor_Init':
../Core/Src/hardware/Motor.c:79:13: warning: unused variable 'rightCount' [-Wunused-variable]
   79 |     int16_t rightCount = (int16_t)__HAL_TIM_GET_COUNTER(&htim2);
      |             ^~~~~~~~~~
../Core/Src/hardware/Motor.c:78:13: warning: unused variable 'leftCount' [-Wunused-variable]
   78 |     int16_t leftCount = (int16_t)__HAL_TIM_GET_COUNTER(&htim3);
      |             ^~~~~~~~~
../Core/Src/hardware/Motor.c: In function 'Motor_PID_Control':
../Core/Src/hardware/Motor.c:531:57: warning: implicit declaration of function 'strlen' [-Wimplicit-function-declaration]
  531 |             HAL_UART_Transmit(&huart4, (uint8_t*)debug, strlen(debug), 100);
      |                                                         ^~~~~~
../Core/Src/hardware/Motor.c:9:1: note: include '<string.h>' or provide a declaration of 'strlen'
    8 | #include "OLED.h"
  +++ |+#include <string.h>
    9 | 
../Core/Src/hardware/Motor.c:531:57: warning: incompatible implicit declaration of built-in function 'strlen' [-Wbuiltin-declaration-mismatch]
  531 |             HAL_UART_Transmit(&huart4, (uint8_t*)debug, strlen(debug), 100);
      |                                                         ^~~~~~
../Core/Src/hardware/Motor.c:531:57: note: include '<string.h>' or provide a declaration of 'strlen'
../Core/Src/hardware/Motor.c: In function 'Motor_EncoderSingleTest':
../Core/Src/hardware/Motor.c:646:47: warning: incompatible implicit declaration of built-in function 'strlen' [-Wbuiltin-declaration-mismatch]
  646 |     HAL_UART_Transmit(&huart4, (uint8_t*)msg, strlen(msg), 100);
      |                                               ^~~~~~
../Core/Src/hardware/Motor.c:646:47: note: include '<string.h>' or provide a declaration of 'strlen'
../Core/Src/hardware/Motor.c: In function 'Motor_EncoderDiagnosticTest':
../Core/Src/hardware/Motor.c:727:47: warning: incompatible implicit declaration of built-in function 'strlen' [-Wbuiltin-declaration-mismatch]
  727 |     HAL_UART_Transmit(&huart4, (uint8_t*)msg, strlen(msg), 100);
      |                                               ^~~~~~
../Core/Src/hardware/Motor.c:727:47: note: include '<string.h>' or provide a declaration of 'strlen'
../Core/Src/hardware/Motor.c: In function 'Motor_EncoderFullTest':
../Core/Src/hardware/Motor.c:805:47: warning: incompatible implicit declaration of built-in function 'strlen' [-Wbuiltin-declaration-mismatch]
  805 |     HAL_UART_Transmit(&huart4, (uint8_t*)msg, strlen(msg), 100);
      |                                               ^~~~~~
../Core/Src/hardware/Motor.c:805:47: note: include '<string.h>' or provide a declaration of 'strlen'
../Core/Src/hardware/Motor.c: In function 'Motor_PWM_Calibration':
../Core/Src/hardware/Motor.c:852:47: warning: incompatible implicit declaration of built-in function 'strlen' [-Wbuiltin-declaration-mismatch]
  852 |     HAL_UART_Transmit(&huart4, (uint8_t*)msg, strlen(msg), 100);
      |                                               ^~~~~~
../Core/Src/hardware/Motor.c:852:47: note: include '<string.h>' or provide a declaration of 'strlen'
../Core/Src/hardware/Motor.c: In function 'Motor_EncoderQuickCheck':
../Core/Src/hardware/Motor.c:950:47: warning: incompatible implicit declaration of built-in function 'strlen' [-Wbuiltin-declaration-mismatch]
  950 |     HAL_UART_Transmit(&huart4, (uint8_t*)msg, strlen(msg), 100);
      |                                               ^~~~~~
../Core/Src/hardware/Motor.c:950:47: note: include '<string.h>' or provide a declaration of 'strlen'
../Core/Src/main.c: In function 'main':
../Core/Src/main.c:288:22: warning: implicit declaration of function 'fabsf' [-Wimplicit-function-declaration]
  288 |                     (fabsf(speed_right_raw) > 10.0f) ? "R_ENC_OVERFLOW!" : "OK");
      |                      ^~~~~
../Core/Src/main.c:36:1: note: include '<math.h>' or provide a declaration of 'fabsf'
   35 | #include "hardware/Encoder.h"
  +++ |+#include <math.h>
   36 | 
../Core/Src/main.c:288:22: warning: incompatible implicit declaration of built-in function 'fabsf' [-Wbuiltin-declaration-mismatch]
  288 |                     (fabsf(speed_right_raw) > 10.0f) ? "R_ENC_OVERFLOW!" : "OK");
      |                      ^~~~~
../Core/Src/main.c:288:22: note: include '<math.h>' or provide a declaration of 'fabsf'
../Core/Src/main.c:313:31: warning: passing argument 1 of 'HAL_UART_Transmit' from incompatible pointer type [-Wincompatible-pointer-types]
  313 |             HAL_UART_Transmit(&htim1, (uint8_t*)"Right Motor Only (50%)\r\n", 25, HAL_MAX_DELAY);
      |                               ^~~~~~
      |                               |
      |                               TIM_HandleTypeDef *
In file included from ../Core/Inc/stm32f4xx_hal_conf.h:404,
                 from ../Drivers/STM32F4xx_HAL_Driver/Inc/stm32f4xx_hal.h:30,
                 from ../Core/Inc/main.h:33,
                 from ../Core/Src/main.c:23:
../Drivers/STM32F4xx_HAL_Driver/Inc/stm32f4xx_hal_uart.h:696:57: note: expected 'UART_HandleTypeDef *' {aka 'struct __UART_HandleTypeDef *'} but argument is of type 'TIM_HandleTypeDef *'
  696 | HAL_StatusTypeDef HAL_UART_Transmit(UART_HandleTypeDef *huart, uint8_t *pData, uint16_t Size, uint32_t Timeout);
      |                                     ~~~~~~~~~~~~~~~~~~~~^~~~~
../Core/Src/main.c:157:9: warning: unused variable 'dt' [-Wunused-variable]
  157 |   float dt = 0.0f;
      |         ^~
../Core/Src/main.c:156:12: warning: unused variable 'current_time' [-Wunused-variable]
  156 |   uint32_t current_time = 0;
      |            ^~~~~~~~~~~~
../Core/Src/main.c:155:12: warning: unused variable 'previous_time' [-Wunused-variable]
  155 |   uint32_t previous_time = 0;
      |            ^~~~~~~~~~~~~
../Core/Src/main.c: In function 'Send_MPU6500_Data':
../Core/Src/main.c:777:94: warning: format '%X' expects argument of type 'unsigned int', but argument 4 has type 'uint32_t' {aka 'long unsigned int'} [-Wformat=]
  777 |             snprintf(msg + strlen(msg), sizeof(msg) - strlen(msg), "I2C: Unknown error (0x%02X)\r\n", HAL_I2C_GetError(&hi2c1));
      |                                                                                           ~~~^        ~~~~~~~~~~~~~~~~~~~~~~~~
      |                                                                                              |        |
      |                                                                                              |        uint32_t {aka long unsigned int}
      |                                                                                              unsigned int
      |                                                                                           %02lX
arm-none-eabi-gcc -o "xxq.elf" @"objects.list"   -mcpu=cortex-m4 -T"D:\Programs\STM32CubeIDE\workspace\xxq\STM32F446RETX_FLASH.ld" --specs=nosys.specs -Wl,-Map="xxq.map" -Wl,--gc-sections -static -u _printf_float --specs=nano.specs -mfpu=fpv4-sp-d16 -mfloat-abi=hard -mthumb -Wl,--start-group -lc -lm -Wl,--end-group
D:/Programs/STM32CubeIDE/STM32CubeIDE_1.19.0/STM32CubeIDE/plugins/com.st.stm32cube.ide.mcu.externaltools.gnu-tools-for-stm32.13.3.rel1.win32_1.0.0.202411081344/tools/bin/../lib/gcc/arm-none-eabi/13.3.1/../../../../arm-none-eabi/bin/ld.exe: warning: xxq.elf has a LOAD segment with RWX permissions
Finished building target: xxq.elf
 
arm-none-eabi-size  xxq.elf 
arm-none-eabi-objdump -h -S xxq.elf  > "xxq.list"
   text	   data	    bss	    dec	    hex	filename
  59108	    476	   2740	  62324	   f374	xxq.elf
Finished building: default.size.stdout
 
Finished building: xxq.list
 
20:48:34 **** Incremental Build of configuration Debug for project xxq ****
make -j16 all 
arm-none-eabi-gcc "../Core/Src/hardware/Motor.c" -mcpu=cortex-m4 -std=gnu11 -g3 -DUSE_HAL_DRIVER -DSTM32F446xx -DDEBUG -c -I../Core/Inc -I../Drivers/STM32F4xx_HAL_Driver/Inc -I../Drivers/STM32F4xx_HAL_Driver/Inc/Legacy -I../Drivers/CMSIS/Device/ST/STM32F4xx/Include -I../Drivers/CMSIS/Include -O0 -ffunction-sections -fdata-sections -Wall -fstack-usage -fcyclomatic-complexity -MMD -MP -MF"Core/Src/hardware/Motor.d" -MT"Core/Src/hardware/Motor.o" --specs=nano.specs -mfpu=fpv4-sp-d16 -mfloat-abi=hard -mthumb -o "Core/Src/hardware/Motor.o"
../Core/Src/hardware/Motor.c: In function 'Motor_Init':
../Core/Src/hardware/Motor.c:79:13: warning: unused variable 'rightCount' [-Wunused-variable]
   79 |     int16_t rightCount = (int16_t)__HAL_TIM_GET_COUNTER(&htim2);
      |             ^~~~~~~~~~
../Core/Src/hardware/Motor.c:78:13: warning: unused variable 'leftCount' [-Wunused-variable]
   78 |     int16_t leftCount = (int16_t)__HAL_TIM_GET_COUNTER(&htim3);
      |             ^~~~~~~~~
../Core/Src/hardware/Motor.c: In function 'Motor_PID_Control':
../Core/Src/hardware/Motor.c:536:57: warning: implicit declaration of function 'strlen' [-Wimplicit-function-declaration]
  536 |             HAL_UART_Transmit(&huart4, (uint8_t*)debug, strlen(debug), 100);
      |                                                         ^~~~~~
../Core/Src/hardware/Motor.c:9:1: note: include '<string.h>' or provide a declaration of 'strlen'
    8 | #include "OLED.h"
  +++ |+#include <string.h>
    9 | 
../Core/Src/hardware/Motor.c:536:57: warning: incompatible implicit declaration of built-in function 'strlen' [-Wbuiltin-declaration-mismatch]
  536 |             HAL_UART_Transmit(&huart4, (uint8_t*)debug, strlen(debug), 100);
      |                                                         ^~~~~~
../Core/Src/hardware/Motor.c:536:57: note: include '<string.h>' or provide a declaration of 'strlen'
../Core/Src/hardware/Motor.c: In function 'Motor_EncoderSingleTest':
../Core/Src/hardware/Motor.c:651:47: warning: incompatible implicit declaration of built-in function 'strlen' [-Wbuiltin-declaration-mismatch]
  651 |     HAL_UART_Transmit(&huart4, (uint8_t*)msg, strlen(msg), 100);
      |                                               ^~~~~~
../Core/Src/hardware/Motor.c:651:47: note: include '<string.h>' or provide a declaration of 'strlen'
../Core/Src/hardware/Motor.c: In function 'Motor_EncoderDiagnosticTest':
../Core/Src/hardware/Motor.c:732:47: warning: incompatible implicit declaration of built-in function 'strlen' [-Wbuiltin-declaration-mismatch]
  732 |     HAL_UART_Transmit(&huart4, (uint8_t*)msg, strlen(msg), 100);
      |                                               ^~~~~~
../Core/Src/hardware/Motor.c:732:47: note: include '<string.h>' or provide a declaration of 'strlen'
../Core/Src/hardware/Motor.c: In function 'Motor_EncoderFullTest':
../Core/Src/hardware/Motor.c:810:47: warning: incompatible implicit declaration of built-in function 'strlen' [-Wbuiltin-declaration-mismatch]
  810 |     HAL_UART_Transmit(&huart4, (uint8_t*)msg, strlen(msg), 100);
      |                                               ^~~~~~
../Core/Src/hardware/Motor.c:810:47: note: include '<string.h>' or provide a declaration of 'strlen'
../Core/Src/hardware/Motor.c: In function 'Motor_PWM_Calibration':
../Core/Src/hardware/Motor.c:857:47: warning: incompatible implicit declaration of built-in function 'strlen' [-Wbuiltin-declaration-mismatch]
  857 |     HAL_UART_Transmit(&huart4, (uint8_t*)msg, strlen(msg), 100);
      |                                               ^~~~~~
../Core/Src/hardware/Motor.c:857:47: note: include '<string.h>' or provide a declaration of 'strlen'
../Core/Src/hardware/Motor.c: In function 'Motor_EncoderQuickCheck':
../Core/Src/hardware/Motor.c:955:47: warning: incompatible implicit declaration of built-in function 'strlen' [-Wbuiltin-declaration-mismatch]
  955 |     HAL_UART_Transmit(&huart4, (uint8_t*)msg, strlen(msg), 100);
      |                                               ^~~~~~
../Core/Src/hardware/Motor.c:955:47: note: include '<string.h>' or provide a declaration of 'strlen'
arm-none-eabi-gcc -o "xxq.elf" @"objects.list"   -mcpu=cortex-m4 -T"D:\Programs\STM32CubeIDE\workspace\xxq\STM32F446RETX_FLASH.ld" --specs=nosys.specs -Wl,-Map="xxq.map" -Wl,--gc-sections -static -u _printf_float --specs=nano.specs -mfpu=fpv4-sp-d16 -mfloat-abi=hard -mthumb -Wl,--start-group -lc -lm -Wl,--end-group
D:/Programs/STM32CubeIDE/STM32CubeIDE_1.19.0/STM32CubeIDE/plugins/com.st.stm32cube.ide.mcu.externaltools.gnu-tools-for-stm32.13.3.rel1.win32_1.0.0.202411081344/tools/bin/../lib/gcc/arm-none-eabi/13.3.1/../../../../arm-none-eabi/bin/ld.exe: warning: xxq.elf has a LOAD segment with RWX permissions
Finished building target: xxq.elf
 
arm-none-eabi-size  xxq.elf 
arm-none-eabi-objdump -h -S xxq.elf  > "xxq.list"
   text	   data	    bss	    dec	    hex	filename
  59116	    476	   2740	  62332	   f37c	xxq.elf
Finished building: default.size.stdout
 
Finished building: xxq.list
 
20:52:11 **** Incremental Build of configuration Debug for project xxq ****
make -j16 all 
arm-none-eabi-gcc "../Core/Src/hardware/Motor.c" -mcpu=cortex-m4 -std=gnu11 -g3 -DUSE_HAL_DRIVER -DSTM32F446xx -DDEBUG -c -I../Core/Inc -I../Drivers/STM32F4xx_HAL_Driver/Inc -I../Drivers/STM32F4xx_HAL_Driver/Inc/Legacy -I../Drivers/CMSIS/Device/ST/STM32F4xx/Include -I../Drivers/CMSIS/Include -O0 -ffunction-sections -fdata-sections -Wall -fstack-usage -fcyclomatic-complexity -MMD -MP -MF"Core/Src/hardware/Motor.d" -MT"Core/Src/hardware/Motor.o" --specs=nano.specs -mfpu=fpv4-sp-d16 -mfloat-abi=hard -mthumb -o "Core/Src/hardware/Motor.o"
../Core/Src/hardware/Motor.c: In function 'Motor_Init':
../Core/Src/hardware/Motor.c:79:13: warning: unused variable 'rightCount' [-Wunused-variable]
   79 |     int16_t rightCount = (int16_t)__HAL_TIM_GET_COUNTER(&htim2);
      |             ^~~~~~~~~~
../Core/Src/hardware/Motor.c:78:13: warning: unused variable 'leftCount' [-Wunused-variable]
   78 |     int16_t leftCount = (int16_t)__HAL_TIM_GET_COUNTER(&htim3);
      |             ^~~~~~~~~
../Core/Src/hardware/Motor.c: In function 'Motor_PID_Control':
../Core/Src/hardware/Motor.c:536:57: warning: implicit declaration of function 'strlen' [-Wimplicit-function-declaration]
  536 |             HAL_UART_Transmit(&huart4, (uint8_t*)debug, strlen(debug), 100);
      |                                                         ^~~~~~
../Core/Src/hardware/Motor.c:9:1: note: include '<string.h>' or provide a declaration of 'strlen'
    8 | #include "OLED.h"
  +++ |+#include <string.h>
    9 | 
../Core/Src/hardware/Motor.c:536:57: warning: incompatible implicit declaration of built-in function 'strlen' [-Wbuiltin-declaration-mismatch]
  536 |             HAL_UART_Transmit(&huart4, (uint8_t*)debug, strlen(debug), 100);
      |                                                         ^~~~~~
../Core/Src/hardware/Motor.c:536:57: note: include '<string.h>' or provide a declaration of 'strlen'
../Core/Src/hardware/Motor.c: In function 'Motor_EncoderSingleTest':
../Core/Src/hardware/Motor.c:651:47: warning: incompatible implicit declaration of built-in function 'strlen' [-Wbuiltin-declaration-mismatch]
  651 |     HAL_UART_Transmit(&huart4, (uint8_t*)msg, strlen(msg), 100);
      |                                               ^~~~~~
../Core/Src/hardware/Motor.c:651:47: note: include '<string.h>' or provide a declaration of 'strlen'
../Core/Src/hardware/Motor.c: In function 'Motor_EncoderDiagnosticTest':
../Core/Src/hardware/Motor.c:732:47: warning: incompatible implicit declaration of built-in function 'strlen' [-Wbuiltin-declaration-mismatch]
  732 |     HAL_UART_Transmit(&huart4, (uint8_t*)msg, strlen(msg), 100);
      |                                               ^~~~~~
../Core/Src/hardware/Motor.c:732:47: note: include '<string.h>' or provide a declaration of 'strlen'
../Core/Src/hardware/Motor.c: In function 'Motor_EncoderFullTest':
../Core/Src/hardware/Motor.c:810:47: warning: incompatible implicit declaration of built-in function 'strlen' [-Wbuiltin-declaration-mismatch]
  810 |     HAL_UART_Transmit(&huart4, (uint8_t*)msg, strlen(msg), 100);
      |                                               ^~~~~~
../Core/Src/hardware/Motor.c:810:47: note: include '<string.h>' or provide a declaration of 'strlen'
../Core/Src/hardware/Motor.c: In function 'Motor_PWM_Calibration':
../Core/Src/hardware/Motor.c:857:47: warning: incompatible implicit declaration of built-in function 'strlen' [-Wbuiltin-declaration-mismatch]
  857 |     HAL_UART_Transmit(&huart4, (uint8_t*)msg, strlen(msg), 100);
      |                                               ^~~~~~
../Core/Src/hardware/Motor.c:857:47: note: include '<string.h>' or provide a declaration of 'strlen'
../Core/Src/hardware/Motor.c: In function 'Motor_EncoderQuickCheck':
../Core/Src/hardware/Motor.c:955:47: warning: incompatible implicit declaration of built-in function 'strlen' [-Wbuiltin-declaration-mismatch]
  955 |     HAL_UART_Transmit(&huart4, (uint8_t*)msg, strlen(msg), 100);
      |                                               ^~~~~~
../Core/Src/hardware/Motor.c:955:47: note: include '<string.h>' or provide a declaration of 'strlen'
arm-none-eabi-gcc -o "xxq.elf" @"objects.list"   -mcpu=cortex-m4 -T"D:\Programs\STM32CubeIDE\workspace\xxq\STM32F446RETX_FLASH.ld" --specs=nosys.specs -Wl,-Map="xxq.map" -Wl,--gc-sections -static -u _printf_float --specs=nano.specs -mfpu=fpv4-sp-d16 -mfloat-abi=hard -mthumb -Wl,--start-group -lc -lm -Wl,--end-group
D:/Programs/STM32CubeIDE/STM32CubeIDE_1.19.0/STM32CubeIDE/plugins/com.st.stm32cube.ide.mcu.externaltools.gnu-tools-for-stm32.13.3.rel1.win32_1.0.0.202411081344/tools/bin/../lib/gcc/arm-none-eabi/13.3.1/../../../../arm-none-eabi/bin/ld.exe: warning: xxq.elf has a LOAD segment with RWX permissions
Finished building target: xxq.elf
 
arm-none-eabi-size  xxq.elf 
arm-none-eabi-objdump -h -S xxq.elf  > "xxq.list"
   text	   data	    bss	    dec	    hex	filename
  59108	    476	   2740	  62324	   f374	xxq.elf
Finished building: default.size.stdout
 
Finished building: xxq.list
 
20:52:26 **** Incremental Build of configuration Debug for project xxq ****
make -j16 all 
arm-none-eabi-size  xxq.elf 
   text	   data	    bss	    dec	    hex	filename
  59108	    476	   2740	  62324	   f374	xxq.elf
Finished building: default.size.stdout
 
20:58:13 **** Incremental Build of configuration Debug for project xxq ****
make -j16 all 
arm-none-eabi-gcc "../Core/Src/hardware/Motor.c" -mcpu=cortex-m4 -std=gnu11 -g3 -DUSE_HAL_DRIVER -DSTM32F446xx -DDEBUG -c -I../Core/Inc -I../Drivers/STM32F4xx_HAL_Driver/Inc -I../Drivers/STM32F4xx_HAL_Driver/Inc/Legacy -I../Drivers/CMSIS/Device/ST/STM32F4xx/Include -I../Drivers/CMSIS/Include -O0 -ffunction-sections -fdata-sections -Wall -fstack-usage -fcyclomatic-complexity -MMD -MP -MF"Core/Src/hardware/Motor.d" -MT"Core/Src/hardware/Motor.o" --specs=nano.specs -mfpu=fpv4-sp-d16 -mfloat-abi=hard -mthumb -o "Core/Src/hardware/Motor.o"
../Core/Src/hardware/Motor.c: In function 'Motor_Init':
../Core/Src/hardware/Motor.c:79:13: warning: unused variable 'rightCount' [-Wunused-variable]
   79 |     int16_t rightCount = (int16_t)__HAL_TIM_GET_COUNTER(&htim2);
      |             ^~~~~~~~~~
../Core/Src/hardware/Motor.c:78:13: warning: unused variable 'leftCount' [-Wunused-variable]
   78 |     int16_t leftCount = (int16_t)__HAL_TIM_GET_COUNTER(&htim3);
      |             ^~~~~~~~~
../Core/Src/hardware/Motor.c: In function 'Motor_PID_Control':
../Core/Src/hardware/Motor.c:552:57: warning: implicit declaration of function 'strlen' [-Wimplicit-function-declaration]
  552 |             HAL_UART_Transmit(&huart4, (uint8_t*)debug, strlen(debug), 100);
      |                                                         ^~~~~~
../Core/Src/hardware/Motor.c:9:1: note: include '<string.h>' or provide a declaration of 'strlen'
    8 | #include "OLED.h"
  +++ |+#include <string.h>
    9 | 
../Core/Src/hardware/Motor.c:552:57: warning: incompatible implicit declaration of built-in function 'strlen' [-Wbuiltin-declaration-mismatch]
  552 |             HAL_UART_Transmit(&huart4, (uint8_t*)debug, strlen(debug), 100);
      |                                                         ^~~~~~
../Core/Src/hardware/Motor.c:552:57: note: include '<string.h>' or provide a declaration of 'strlen'
../Core/Src/hardware/Motor.c: In function 'Motor_EncoderSingleTest':
../Core/Src/hardware/Motor.c:667:47: warning: incompatible implicit declaration of built-in function 'strlen' [-Wbuiltin-declaration-mismatch]
  667 |     HAL_UART_Transmit(&huart4, (uint8_t*)msg, strlen(msg), 100);
      |                                               ^~~~~~
../Core/Src/hardware/Motor.c:667:47: note: include '<string.h>' or provide a declaration of 'strlen'
../Core/Src/hardware/Motor.c: In function 'Motor_EncoderDiagnosticTest':
../Core/Src/hardware/Motor.c:748:47: warning: incompatible implicit declaration of built-in function 'strlen' [-Wbuiltin-declaration-mismatch]
  748 |     HAL_UART_Transmit(&huart4, (uint8_t*)msg, strlen(msg), 100);
      |                                               ^~~~~~
../Core/Src/hardware/Motor.c:748:47: note: include '<string.h>' or provide a declaration of 'strlen'
../Core/Src/hardware/Motor.c: In function 'Motor_EncoderFullTest':
../Core/Src/hardware/Motor.c:826:47: warning: incompatible implicit declaration of built-in function 'strlen' [-Wbuiltin-declaration-mismatch]
  826 |     HAL_UART_Transmit(&huart4, (uint8_t*)msg, strlen(msg), 100);
      |                                               ^~~~~~
../Core/Src/hardware/Motor.c:826:47: note: include '<string.h>' or provide a declaration of 'strlen'
../Core/Src/hardware/Motor.c: In function 'Motor_PWM_Calibration':
../Core/Src/hardware/Motor.c:873:47: warning: incompatible implicit declaration of built-in function 'strlen' [-Wbuiltin-declaration-mismatch]
  873 |     HAL_UART_Transmit(&huart4, (uint8_t*)msg, strlen(msg), 100);
      |                                               ^~~~~~
../Core/Src/hardware/Motor.c:873:47: note: include '<string.h>' or provide a declaration of 'strlen'
../Core/Src/hardware/Motor.c: In function 'Motor_EncoderQuickCheck':
../Core/Src/hardware/Motor.c:971:47: warning: incompatible implicit declaration of built-in function 'strlen' [-Wbuiltin-declaration-mismatch]
  971 |     HAL_UART_Transmit(&huart4, (uint8_t*)msg, strlen(msg), 100);
      |                                               ^~~~~~
../Core/Src/hardware/Motor.c:971:47: note: include '<string.h>' or provide a declaration of 'strlen'
arm-none-eabi-gcc -o "xxq.elf" @"objects.list"   -mcpu=cortex-m4 -T"D:\Programs\STM32CubeIDE\workspace\xxq\STM32F446RETX_FLASH.ld" --specs=nosys.specs -Wl,-Map="xxq.map" -Wl,--gc-sections -static -u _printf_float --specs=nano.specs -mfpu=fpv4-sp-d16 -mfloat-abi=hard -mthumb -Wl,--start-group -lc -lm -Wl,--end-group
D:/Programs/STM32CubeIDE/STM32CubeIDE_1.19.0/STM32CubeIDE/plugins/com.st.stm32cube.ide.mcu.externaltools.gnu-tools-for-stm32.13.3.rel1.win32_1.0.0.202411081344/tools/bin/../lib/gcc/arm-none-eabi/13.3.1/../../../../arm-none-eabi/bin/ld.exe: warning: xxq.elf has a LOAD segment with RWX permissions
Finished building target: xxq.elf
 
arm-none-eabi-size  xxq.elf 
arm-none-eabi-objdump -h -S xxq.elf  > "xxq.list"
   text	   data	    bss	    dec	    hex	filename
  59276	    476	   2740	  62492	   f41c	xxq.elf
Finished building: default.size.stdout
 
Finished building: xxq.list
 
21:08:49 **** Incremental Build of configuration Debug for project xxq ****
make -j16 all 
arm-none-eabi-gcc "../Core/Src/hardware/Motor.c" -mcpu=cortex-m4 -std=gnu11 -g3 -DUSE_HAL_DRIVER -DSTM32F446xx -DDEBUG -c -I../Core/Inc -I../Drivers/STM32F4xx_HAL_Driver/Inc -I../Drivers/STM32F4xx_HAL_Driver/Inc/Legacy -I../Drivers/CMSIS/Device/ST/STM32F4xx/Include -I../Drivers/CMSIS/Include -O0 -ffunction-sections -fdata-sections -Wall -fstack-usage -fcyclomatic-complexity -MMD -MP -MF"Core/Src/hardware/Motor.d" -MT"Core/Src/hardware/Motor.o" --specs=nano.specs -mfpu=fpv4-sp-d16 -mfloat-abi=hard -mthumb -o "Core/Src/hardware/Motor.o"
../Core/Src/hardware/Motor.c: In function 'Motor_PID_Control':
../Core/Src/hardware/Motor.c:602:53: warning: implicit declaration of function 'strlen' [-Wimplicit-function-declaration]
  602 |         HAL_UART_Transmit(&huart4, (uint8_t*)debug, strlen(debug), 100);
      |                                                     ^~~~~~
../Core/Src/hardware/Motor.c:9:1: note: include '<string.h>' or provide a declaration of 'strlen'
    8 | #include "OLED.h"
  +++ |+#include <string.h>
    9 | 
../Core/Src/hardware/Motor.c:602:53: warning: incompatible implicit declaration of built-in function 'strlen' [-Wbuiltin-declaration-mismatch]
  602 |         HAL_UART_Transmit(&huart4, (uint8_t*)debug, strlen(debug), 100);
      |                                                     ^~~~~~
../Core/Src/hardware/Motor.c:602:53: note: include '<string.h>' or provide a declaration of 'strlen'
../Core/Src/hardware/Motor.c: In function 'Motor_EncoderSingleTest':
../Core/Src/hardware/Motor.c:753:47: warning: incompatible implicit declaration of built-in function 'strlen' [-Wbuiltin-declaration-mismatch]
  753 |     HAL_UART_Transmit(&huart4, (uint8_t*)msg, strlen(msg), 100);
      |                                               ^~~~~~
../Core/Src/hardware/Motor.c:753:47: note: include '<string.h>' or provide a declaration of 'strlen'
../Core/Src/hardware/Motor.c: In function 'Motor_EncoderDiagnosticTest':
../Core/Src/hardware/Motor.c:834:47: warning: incompatible implicit declaration of built-in function 'strlen' [-Wbuiltin-declaration-mismatch]
  834 |     HAL_UART_Transmit(&huart4, (uint8_t*)msg, strlen(msg), 100);
      |                                               ^~~~~~
../Core/Src/hardware/Motor.c:834:47: note: include '<string.h>' or provide a declaration of 'strlen'
../Core/Src/hardware/Motor.c: In function 'Motor_EncoderFullTest':
../Core/Src/hardware/Motor.c:911:47: warning: incompatible implicit declaration of built-in function 'strlen' [-Wbuiltin-declaration-mismatch]
  911 |     HAL_UART_Transmit(&huart4, (uint8_t*)msg, strlen(msg), 100);
      |                                               ^~~~~~
../Core/Src/hardware/Motor.c:911:47: note: include '<string.h>' or provide a declaration of 'strlen'
../Core/Src/hardware/Motor.c: In function 'Motor_PWM_Calibration':
../Core/Src/hardware/Motor.c:958:47: warning: incompatible implicit declaration of built-in function 'strlen' [-Wbuiltin-declaration-mismatch]
  958 |     HAL_UART_Transmit(&huart4, (uint8_t*)msg, strlen(msg), 100);
      |                                               ^~~~~~
../Core/Src/hardware/Motor.c:958:47: note: include '<string.h>' or provide a declaration of 'strlen'
../Core/Src/hardware/Motor.c: In function 'Motor_EncoderQuickCheck':
../Core/Src/hardware/Motor.c:1056:47: warning: incompatible implicit declaration of built-in function 'strlen' [-Wbuiltin-declaration-mismatch]
 1056 |     HAL_UART_Transmit(&huart4, (uint8_t*)msg, strlen(msg), 100);
      |                                               ^~~~~~
../Core/Src/hardware/Motor.c:1056:47: note: include '<string.h>' or provide a declaration of 'strlen'
arm-none-eabi-gcc -o "xxq.elf" @"objects.list"   -mcpu=cortex-m4 -T"D:\Programs\STM32CubeIDE\workspace\xxq\STM32F446RETX_FLASH.ld" --specs=nosys.specs -Wl,-Map="xxq.map" -Wl,--gc-sections -static -u _printf_float --specs=nano.specs -mfpu=fpv4-sp-d16 -mfloat-abi=hard -mthumb -Wl,--start-group -lc -lm -Wl,--end-group
D:/Programs/STM32CubeIDE/STM32CubeIDE_1.19.0/STM32CubeIDE/plugins/com.st.stm32cube.ide.mcu.externaltools.gnu-tools-for-stm32.13.3.rel1.win32_1.0.0.202411081344/tools/bin/../lib/gcc/arm-none-eabi/13.3.1/../../../../arm-none-eabi/bin/ld.exe: warning: xxq.elf has a LOAD segment with RWX permissions
Finished building target: xxq.elf
 
arm-none-eabi-size  xxq.elf 
arm-none-eabi-objdump -h -S xxq.elf  > "xxq.list"
   text	   data	    bss	    dec	    hex	filename
  59292	    476	   2740	  62508	   f42c	xxq.elf
Finished building: default.size.stdout
 
Finished building: xxq.list
 
21:29:36 **** Incremental Build of configuration Debug for project xxq ****
make -j16 all 
arm-none-eabi-gcc "../Core/Src/hardware/Encoder.c" -mcpu=cortex-m4 -std=gnu11 -g3 -DUSE_HAL_DRIVER -DSTM32F446xx -DDEBUG -c -I../Core/Inc -I../Drivers/STM32F4xx_HAL_Driver/Inc -I../Drivers/STM32F4xx_HAL_Driver/Inc/Legacy -I../Drivers/CMSIS/Device/ST/STM32F4xx/Include -I../Drivers/CMSIS/Include -O0 -ffunction-sections -fdata-sections -Wall -fstack-usage -fcyclomatic-complexity -MMD -MP -MF"Core/Src/hardware/Encoder.d" -MT"Core/Src/hardware/Encoder.o" --specs=nano.specs -mfpu=fpv4-sp-d16 -mfloat-abi=hard -mthumb -o "Core/Src/hardware/Encoder.o"
arm-none-eabi-gcc "../Core/Src/hardware/Motor.c" -mcpu=cortex-m4 -std=gnu11 -g3 -DUSE_HAL_DRIVER -DSTM32F446xx -DDEBUG -c -I../Core/Inc -I../Drivers/STM32F4xx_HAL_Driver/Inc -I../Drivers/STM32F4xx_HAL_Driver/Inc/Legacy -I../Drivers/CMSIS/Device/ST/STM32F4xx/Include -I../Drivers/CMSIS/Include -O0 -ffunction-sections -fdata-sections -Wall -fstack-usage -fcyclomatic-complexity -MMD -MP -MF"Core/Src/hardware/Motor.d" -MT"Core/Src/hardware/Motor.o" --specs=nano.specs -mfpu=fpv4-sp-d16 -mfloat-abi=hard -mthumb -o "Core/Src/hardware/Motor.o"
arm-none-eabi-gcc "../Core/Src/hardware/pid.c" -mcpu=cortex-m4 -std=gnu11 -g3 -DUSE_HAL_DRIVER -DSTM32F446xx -DDEBUG -c -I../Core/Inc -I../Drivers/STM32F4xx_HAL_Driver/Inc -I../Drivers/STM32F4xx_HAL_Driver/Inc/Legacy -I../Drivers/CMSIS/Device/ST/STM32F4xx/Include -I../Drivers/CMSIS/Include -O0 -ffunction-sections -fdata-sections -Wall -fstack-usage -fcyclomatic-complexity -MMD -MP -MF"Core/Src/hardware/pid.d" -MT"Core/Src/hardware/pid.o" --specs=nano.specs -mfpu=fpv4-sp-d16 -mfloat-abi=hard -mthumb -o "Core/Src/hardware/pid.o"
arm-none-eabi-gcc "../Core/Src/main.c" -mcpu=cortex-m4 -std=gnu11 -g3 -DUSE_HAL_DRIVER -DSTM32F446xx -DDEBUG -c -I../Core/Inc -I../Drivers/STM32F4xx_HAL_Driver/Inc -I../Drivers/STM32F4xx_HAL_Driver/Inc/Legacy -I../Drivers/CMSIS/Device/ST/STM32F4xx/Include -I../Drivers/CMSIS/Include -O0 -ffunction-sections -fdata-sections -Wall -fstack-usage -fcyclomatic-complexity -MMD -MP -MF"Core/Src/main.d" -MT"Core/Src/main.o" --specs=nano.specs -mfpu=fpv4-sp-d16 -mfloat-abi=hard -mthumb -o "Core/Src/main.o"
../Core/Src/hardware/Motor.c: In function 'Motor_PID_Control':
../Core/Src/hardware/Motor.c:602:53: warning: implicit declaration of function 'strlen' [-Wimplicit-function-declaration]
  602 |         HAL_UART_Transmit(&huart4, (uint8_t*)debug, strlen(debug), 100);
      |                                                     ^~~~~~
../Core/Src/hardware/Motor.c:9:1: note: include '<string.h>' or provide a declaration of 'strlen'
    8 | #include "OLED.h"
  +++ |+#include <string.h>
    9 | 
../Core/Src/hardware/Motor.c:602:53: warning: incompatible implicit declaration of built-in function 'strlen' [-Wbuiltin-declaration-mismatch]
  602 |         HAL_UART_Transmit(&huart4, (uint8_t*)debug, strlen(debug), 100);
      |                                                     ^~~~~~
../Core/Src/hardware/Motor.c:602:53: note: include '<string.h>' or provide a declaration of 'strlen'
../Core/Src/hardware/Motor.c: In function 'Motor_EncoderSingleTest':
../Core/Src/hardware/Motor.c:753:47: warning: incompatible implicit declaration of built-in function 'strlen' [-Wbuiltin-declaration-mismatch]
  753 |     HAL_UART_Transmit(&huart4, (uint8_t*)msg, strlen(msg), 100);
      |                                               ^~~~~~
../Core/Src/hardware/Motor.c:753:47: note: include '<string.h>' or provide a declaration of 'strlen'
../Core/Src/hardware/Motor.c: In function 'Motor_EncoderDiagnosticTest':
../Core/Src/hardware/Motor.c:834:47: warning: incompatible implicit declaration of built-in function 'strlen' [-Wbuiltin-declaration-mismatch]
  834 |     HAL_UART_Transmit(&huart4, (uint8_t*)msg, strlen(msg), 100);
      |                                               ^~~~~~
../Core/Src/hardware/Motor.c:834:47: note: include '<string.h>' or provide a declaration of 'strlen'
../Core/Src/hardware/Motor.c: In function 'Motor_EncoderFullTest':
../Core/Src/hardware/Motor.c:911:47: warning: incompatible implicit declaration of built-in function 'strlen' [-Wbuiltin-declaration-mismatch]
  911 |     HAL_UART_Transmit(&huart4, (uint8_t*)msg, strlen(msg), 100);
      |                                               ^~~~~~
../Core/Src/hardware/Motor.c:911:47: note: include '<string.h>' or provide a declaration of 'strlen'
../Core/Src/hardware/Motor.c: In function 'Motor_PWM_Calibration':
../Core/Src/hardware/Motor.c:958:47: warning: incompatible implicit declaration of built-in function 'strlen' [-Wbuiltin-declaration-mismatch]
  958 |     HAL_UART_Transmit(&huart4, (uint8_t*)msg, strlen(msg), 100);
      |                                               ^~~~~~
../Core/Src/hardware/Motor.c:958:47: note: include '<string.h>' or provide a declaration of 'strlen'
../Core/Src/hardware/Motor.c: In function 'Motor_EncoderQuickCheck':
../Core/Src/hardware/Motor.c:1056:47: warning: incompatible implicit declaration of built-in function 'strlen' [-Wbuiltin-declaration-mismatch]
 1056 |     HAL_UART_Transmit(&huart4, (uint8_t*)msg, strlen(msg), 100);
      |                                               ^~~~~~
../Core/Src/hardware/Motor.c:1056:47: note: include '<string.h>' or provide a declaration of 'strlen'
../Core/Src/main.c: In function 'main':
../Core/Src/main.c:328:22: warning: implicit declaration of function 'fabsf' [-Wimplicit-function-declaration]
  328 |                     (fabsf(speed_right_raw) > 10.0f) ? "R_ENC_OVERFLOW!" : "OK");
      |                      ^~~~~
../Core/Src/main.c:36:1: note: include '<math.h>' or provide a declaration of 'fabsf'
   35 | #include "hardware/Encoder.h"
  +++ |+#include <math.h>
   36 | 
../Core/Src/main.c:328:22: warning: incompatible implicit declaration of built-in function 'fabsf' [-Wbuiltin-declaration-mismatch]
  328 |                     (fabsf(speed_right_raw) > 10.0f) ? "R_ENC_OVERFLOW!" : "OK");
      |                      ^~~~~
../Core/Src/main.c:328:22: note: include '<math.h>' or provide a declaration of 'fabsf'
../Core/Src/main.c:353:31: warning: passing argument 1 of 'HAL_UART_Transmit' from incompatible pointer type [-Wincompatible-pointer-types]
  353 |             HAL_UART_Transmit(&htim1, (uint8_t*)"Right Motor Only (50%)\r\n", 25, HAL_MAX_DELAY);
      |                               ^~~~~~
      |                               |
      |                               TIM_HandleTypeDef *
In file included from ../Core/Inc/stm32f4xx_hal_conf.h:404,
                 from ../Drivers/STM32F4xx_HAL_Driver/Inc/stm32f4xx_hal.h:30,
                 from ../Core/Inc/main.h:33,
                 from ../Core/Src/main.c:23:
../Drivers/STM32F4xx_HAL_Driver/Inc/stm32f4xx_hal_uart.h:696:57: note: expected 'UART_HandleTypeDef *' {aka 'struct __UART_HandleTypeDef *'} but argument is of type 'TIM_HandleTypeDef *'
  696 | HAL_StatusTypeDef HAL_UART_Transmit(UART_HandleTypeDef *huart, uint8_t *pData, uint16_t Size, uint32_t Timeout);
      |                                     ~~~~~~~~~~~~~~~~~~~~^~~~~
../Core/Src/main.c:197:9: warning: unused variable 'dt' [-Wunused-variable]
  197 |   float dt = 0.0f;
      |         ^~
../Core/Src/main.c:196:12: warning: unused variable 'current_time' [-Wunused-variable]
  196 |   uint32_t current_time = 0;
      |            ^~~~~~~~~~~~
../Core/Src/main.c:195:12: warning: unused variable 'previous_time' [-Wunused-variable]
  195 |   uint32_t previous_time = 0;
      |            ^~~~~~~~~~~~~
../Core/Src/main.c: In function 'Send_MPU6500_Data':
../Core/Src/main.c:1057:94: warning: format '%X' expects argument of type 'unsigned int', but argument 4 has type 'uint32_t' {aka 'long unsigned int'} [-Wformat=]
 1057 |             snprintf(msg + strlen(msg), sizeof(msg) - strlen(msg), "I2C: Unknown error (0x%02X)\r\n", HAL_I2C_GetError(&hi2c1));
      |                                                                                           ~~~^        ~~~~~~~~~~~~~~~~~~~~~~~~
      |                                                                                              |        |
      |                                                                                              |        uint32_t {aka long unsigned int}
      |                                                                                              unsigned int
      |                                                                                           %02lX
arm-none-eabi-gcc -o "xxq.elf" @"objects.list"   -mcpu=cortex-m4 -T"D:\Programs\STM32CubeIDE\workspace\xxq\STM32F446RETX_FLASH.ld" --specs=nosys.specs -Wl,-Map="xxq.map" -Wl,--gc-sections -static -u _printf_float --specs=nano.specs -mfpu=fpv4-sp-d16 -mfloat-abi=hard -mthumb -Wl,--start-group -lc -lm -Wl,--end-group
D:/Programs/STM32CubeIDE/STM32CubeIDE_1.19.0/STM32CubeIDE/plugins/com.st.stm32cube.ide.mcu.externaltools.gnu-tools-for-stm32.13.3.rel1.win32_1.0.0.202411081344/tools/bin/../lib/gcc/arm-none-eabi/13.3.1/../../../../arm-none-eabi/bin/ld.exe: warning: xxq.elf has a LOAD segment with RWX permissions
Finished building target: xxq.elf
 
arm-none-eabi-size  xxq.elf 
arm-none-eabi-objdump -h -S xxq.elf  > "xxq.list"
   text	   data	    bss	    dec	    hex	filename
  61812	    476	   2740	  65028	   fe04	xxq.elf
Finished building: default.size.stdout
 
Finished building: xxq.list
 
21:32:39 **** Incremental Build of configuration Debug for project xxq ****
make -j16 all 
arm-none-eabi-gcc "../Core/Src/main.c" -mcpu=cortex-m4 -std=gnu11 -g3 -DUSE_HAL_DRIVER -DSTM32F446xx -DDEBUG -c -I../Core/Inc -I../Drivers/STM32F4xx_HAL_Driver/Inc -I../Drivers/STM32F4xx_HAL_Driver/Inc/Legacy -I../Drivers/CMSIS/Device/ST/STM32F4xx/Include -I../Drivers/CMSIS/Include -O0 -ffunction-sections -fdata-sections -Wall -fstack-usage -fcyclomatic-complexity -MMD -MP -MF"Core/Src/main.d" -MT"Core/Src/main.o" --specs=nano.specs -mfpu=fpv4-sp-d16 -mfloat-abi=hard -mthumb -o "Core/Src/main.o"
../Core/Src/main.c: In function 'main':
../Core/Src/main.c:328:22: warning: implicit declaration of function 'fabsf' [-Wimplicit-function-declaration]
  328 |                     (fabsf(speed_right_raw) > 10.0f) ? "R_ENC_OVERFLOW!" : "OK");
      |                      ^~~~~
../Core/Src/main.c:36:1: note: include '<math.h>' or provide a declaration of 'fabsf'
   35 | #include "hardware/Encoder.h"
  +++ |+#include <math.h>
   36 | 
../Core/Src/main.c:328:22: warning: incompatible implicit declaration of built-in function 'fabsf' [-Wbuiltin-declaration-mismatch]
  328 |                     (fabsf(speed_right_raw) > 10.0f) ? "R_ENC_OVERFLOW!" : "OK");
      |                      ^~~~~
../Core/Src/main.c:328:22: note: include '<math.h>' or provide a declaration of 'fabsf'
../Core/Src/main.c:353:31: warning: passing argument 1 of 'HAL_UART_Transmit' from incompatible pointer type [-Wincompatible-pointer-types]
  353 |             HAL_UART_Transmit(&htim1, (uint8_t*)"Right Motor Only (50%)\r\n", 25, HAL_MAX_DELAY);
      |                               ^~~~~~
      |                               |
      |                               TIM_HandleTypeDef *
In file included from ../Core/Inc/stm32f4xx_hal_conf.h:404,
                 from ../Drivers/STM32F4xx_HAL_Driver/Inc/stm32f4xx_hal.h:30,
                 from ../Core/Inc/main.h:33,
                 from ../Core/Src/main.c:23:
../Drivers/STM32F4xx_HAL_Driver/Inc/stm32f4xx_hal_uart.h:696:57: note: expected 'UART_HandleTypeDef *' {aka 'struct __UART_HandleTypeDef *'} but argument is of type 'TIM_HandleTypeDef *'
  696 | HAL_StatusTypeDef HAL_UART_Transmit(UART_HandleTypeDef *huart, uint8_t *pData, uint16_t Size, uint32_t Timeout);
      |                                     ~~~~~~~~~~~~~~~~~~~~^~~~~
../Core/Src/main.c:197:9: warning: unused variable 'dt' [-Wunused-variable]
  197 |   float dt = 0.0f;
      |         ^~
../Core/Src/main.c:196:12: warning: unused variable 'current_time' [-Wunused-variable]
  196 |   uint32_t current_time = 0;
      |            ^~~~~~~~~~~~
../Core/Src/main.c:195:12: warning: unused variable 'previous_time' [-Wunused-variable]
  195 |   uint32_t previous_time = 0;
      |            ^~~~~~~~~~~~~
../Core/Src/main.c: In function 'Send_MPU6500_Data':
../Core/Src/main.c:1057:94: warning: format '%X' expects argument of type 'unsigned int', but argument 4 has type 'uint32_t' {aka 'long unsigned int'} [-Wformat=]
 1057 |             snprintf(msg + strlen(msg), sizeof(msg) - strlen(msg), "I2C: Unknown error (0x%02X)\r\n", HAL_I2C_GetError(&hi2c1));
      |                                                                                           ~~~^        ~~~~~~~~~~~~~~~~~~~~~~~~
      |                                                                                              |        |
      |                                                                                              |        uint32_t {aka long unsigned int}
      |                                                                                              unsigned int
      |                                                                                           %02lX
arm-none-eabi-gcc -o "xxq.elf" @"objects.list"   -mcpu=cortex-m4 -T"D:\Programs\STM32CubeIDE\workspace\xxq\STM32F446RETX_FLASH.ld" --specs=nosys.specs -Wl,-Map="xxq.map" -Wl,--gc-sections -static -u _printf_float --specs=nano.specs -mfpu=fpv4-sp-d16 -mfloat-abi=hard -mthumb -Wl,--start-group -lc -lm -Wl,--end-group
D:/Programs/STM32CubeIDE/STM32CubeIDE_1.19.0/STM32CubeIDE/plugins/com.st.stm32cube.ide.mcu.externaltools.gnu-tools-for-stm32.13.3.rel1.win32_1.0.0.202411081344/tools/bin/../lib/gcc/arm-none-eabi/13.3.1/../../../../arm-none-eabi/bin/ld.exe: warning: xxq.elf has a LOAD segment with RWX permissions
Finished building target: xxq.elf
 
arm-none-eabi-size  xxq.elf 
arm-none-eabi-objdump -h -S xxq.elf  > "xxq.list"
   text	   data	    bss	    dec	    hex	filename
  61796	    476	   2740	  65012	   fdf4	xxq.elf
Finished building: default.size.stdout
 
Finished building: xxq.list
 
21:35:56 **** Incremental Build of configuration Debug for project xxq ****
make -j16 all 
arm-none-eabi-gcc "../Core/Src/main.c" -mcpu=cortex-m4 -std=gnu11 -g3 -DUSE_HAL_DRIVER -DSTM32F446xx -DDEBUG -c -I../Core/Inc -I../Drivers/STM32F4xx_HAL_Driver/Inc -I../Drivers/STM32F4xx_HAL_Driver/Inc/Legacy -I../Drivers/CMSIS/Device/ST/STM32F4xx/Include -I../Drivers/CMSIS/Include -O0 -ffunction-sections -fdata-sections -Wall -fstack-usage -fcyclomatic-complexity -MMD -MP -MF"Core/Src/main.d" -MT"Core/Src/main.o" --specs=nano.specs -mfpu=fpv4-sp-d16 -mfloat-abi=hard -mthumb -o "Core/Src/main.o"
../Core/Src/main.c: In function 'main':
../Core/Src/main.c:328:22: warning: implicit declaration of function 'fabsf' [-Wimplicit-function-declaration]
  328 |                     (fabsf(speed_right_raw) > 10.0f) ? "R_ENC_OVERFLOW!" : "OK");
      |                      ^~~~~
../Core/Src/main.c:36:1: note: include '<math.h>' or provide a declaration of 'fabsf'
   35 | #include "hardware/Encoder.h"
  +++ |+#include <math.h>
   36 | 
../Core/Src/main.c:328:22: warning: incompatible implicit declaration of built-in function 'fabsf' [-Wbuiltin-declaration-mismatch]
  328 |                     (fabsf(speed_right_raw) > 10.0f) ? "R_ENC_OVERFLOW!" : "OK");
      |                      ^~~~~
../Core/Src/main.c:328:22: note: include '<math.h>' or provide a declaration of 'fabsf'
../Core/Src/main.c:353:31: warning: passing argument 1 of 'HAL_UART_Transmit' from incompatible pointer type [-Wincompatible-pointer-types]
  353 |             HAL_UART_Transmit(&htim1, (uint8_t*)"Right Motor Only (50%)\r\n", 25, HAL_MAX_DELAY);
      |                               ^~~~~~
      |                               |
      |                               TIM_HandleTypeDef *
In file included from ../Core/Inc/stm32f4xx_hal_conf.h:404,
                 from ../Drivers/STM32F4xx_HAL_Driver/Inc/stm32f4xx_hal.h:30,
                 from ../Core/Inc/main.h:33,
                 from ../Core/Src/main.c:23:
../Drivers/STM32F4xx_HAL_Driver/Inc/stm32f4xx_hal_uart.h:696:57: note: expected 'UART_HandleTypeDef *' {aka 'struct __UART_HandleTypeDef *'} but argument is of type 'TIM_HandleTypeDef *'
  696 | HAL_StatusTypeDef HAL_UART_Transmit(UART_HandleTypeDef *huart, uint8_t *pData, uint16_t Size, uint32_t Timeout);
      |                                     ~~~~~~~~~~~~~~~~~~~~^~~~~
../Core/Src/main.c:197:9: warning: unused variable 'dt' [-Wunused-variable]
  197 |   float dt = 0.0f;
      |         ^~
../Core/Src/main.c:196:12: warning: unused variable 'current_time' [-Wunused-variable]
  196 |   uint32_t current_time = 0;
      |            ^~~~~~~~~~~~
../Core/Src/main.c:195:12: warning: unused variable 'previous_time' [-Wunused-variable]
  195 |   uint32_t previous_time = 0;
      |            ^~~~~~~~~~~~~
../Core/Src/main.c: In function 'Send_MPU6500_Data':
../Core/Src/main.c:1136:94: warning: format '%X' expects argument of type 'unsigned int', but argument 4 has type 'uint32_t' {aka 'long unsigned int'} [-Wformat=]
 1136 |             snprintf(msg + strlen(msg), sizeof(msg) - strlen(msg), "I2C: Unknown error (0x%02X)\r\n", HAL_I2C_GetError(&hi2c1));
      |                                                                                           ~~~^        ~~~~~~~~~~~~~~~~~~~~~~~~
      |                                                                                              |        |
      |                                                                                              |        uint32_t {aka long unsigned int}
      |                                                                                              unsigned int
      |                                                                                           %02lX
arm-none-eabi-gcc -o "xxq.elf" @"objects.list"   -mcpu=cortex-m4 -T"D:\Programs\STM32CubeIDE\workspace\xxq\STM32F446RETX_FLASH.ld" --specs=nosys.specs -Wl,-Map="xxq.map" -Wl,--gc-sections -static -u _printf_float --specs=nano.specs -mfpu=fpv4-sp-d16 -mfloat-abi=hard -mthumb -Wl,--start-group -lc -lm -Wl,--end-group
D:/Programs/STM32CubeIDE/STM32CubeIDE_1.19.0/STM32CubeIDE/plugins/com.st.stm32cube.ide.mcu.externaltools.gnu-tools-for-stm32.13.3.rel1.win32_1.0.0.202411081344/tools/bin/../lib/gcc/arm-none-eabi/13.3.1/../../../../arm-none-eabi/bin/ld.exe: warning: xxq.elf has a LOAD segment with RWX permissions
Finished building target: xxq.elf
 
arm-none-eabi-size  xxq.elf 
arm-none-eabi-objdump -h -S xxq.elf  > "xxq.list"
   text	   data	    bss	    dec	    hex	filename
  63036	    476	   2740	  66252	  102cc	xxq.elf
Finished building: default.size.stdout
 
Finished building: xxq.list
 
21:38:51 **** Incremental Build of configuration Debug for project xxq ****
make -j16 all 
arm-none-eabi-gcc "../Core/Src/main.c" -mcpu=cortex-m4 -std=gnu11 -g3 -DUSE_HAL_DRIVER -DSTM32F446xx -DDEBUG -c -I../Core/Inc -I../Drivers/STM32F4xx_HAL_Driver/Inc -I../Drivers/STM32F4xx_HAL_Driver/Inc/Legacy -I../Drivers/CMSIS/Device/ST/STM32F4xx/Include -I../Drivers/CMSIS/Include -O0 -ffunction-sections -fdata-sections -Wall -fstack-usage -fcyclomatic-complexity -MMD -MP -MF"Core/Src/main.d" -MT"Core/Src/main.o" --specs=nano.specs -mfpu=fpv4-sp-d16 -mfloat-abi=hard -mthumb -o "Core/Src/main.o"
../Core/Src/main.c: In function 'main':
../Core/Src/main.c:328:22: warning: implicit declaration of function 'fabsf' [-Wimplicit-function-declaration]
  328 |                     (fabsf(speed_right_raw) > 10.0f) ? "R_ENC_OVERFLOW!" : "OK");
      |                      ^~~~~
../Core/Src/main.c:36:1: note: include '<math.h>' or provide a declaration of 'fabsf'
   35 | #include "hardware/Encoder.h"
  +++ |+#include <math.h>
   36 | 
../Core/Src/main.c:328:22: warning: incompatible implicit declaration of built-in function 'fabsf' [-Wbuiltin-declaration-mismatch]
  328 |                     (fabsf(speed_right_raw) > 10.0f) ? "R_ENC_OVERFLOW!" : "OK");
      |                      ^~~~~
../Core/Src/main.c:328:22: note: include '<math.h>' or provide a declaration of 'fabsf'
../Core/Src/main.c:353:31: warning: passing argument 1 of 'HAL_UART_Transmit' from incompatible pointer type [-Wincompatible-pointer-types]
  353 |             HAL_UART_Transmit(&htim1, (uint8_t*)"Right Motor Only (50%)\r\n", 25, HAL_MAX_DELAY);
      |                               ^~~~~~
      |                               |
      |                               TIM_HandleTypeDef *
In file included from ../Core/Inc/stm32f4xx_hal_conf.h:404,
                 from ../Drivers/STM32F4xx_HAL_Driver/Inc/stm32f4xx_hal.h:30,
                 from ../Core/Inc/main.h:33,
                 from ../Core/Src/main.c:23:
../Drivers/STM32F4xx_HAL_Driver/Inc/stm32f4xx_hal_uart.h:696:57: note: expected 'UART_HandleTypeDef *' {aka 'struct __UART_HandleTypeDef *'} but argument is of type 'TIM_HandleTypeDef *'
  696 | HAL_StatusTypeDef HAL_UART_Transmit(UART_HandleTypeDef *huart, uint8_t *pData, uint16_t Size, uint32_t Timeout);
      |                                     ~~~~~~~~~~~~~~~~~~~~^~~~~
../Core/Src/main.c:197:9: warning: unused variable 'dt' [-Wunused-variable]
  197 |   float dt = 0.0f;
      |         ^~
../Core/Src/main.c:196:12: warning: unused variable 'current_time' [-Wunused-variable]
  196 |   uint32_t current_time = 0;
      |            ^~~~~~~~~~~~
../Core/Src/main.c:195:12: warning: unused variable 'previous_time' [-Wunused-variable]
  195 |   uint32_t previous_time = 0;
      |            ^~~~~~~~~~~~~
../Core/Src/main.c: In function 'Send_MPU6500_Data':
../Core/Src/main.c:1255:94: warning: format '%X' expects argument of type 'unsigned int', but argument 4 has type 'uint32_t' {aka 'long unsigned int'} [-Wformat=]
 1255 |             snprintf(msg + strlen(msg), sizeof(msg) - strlen(msg), "I2C: Unknown error (0x%02X)\r\n", HAL_I2C_GetError(&hi2c1));
      |                                                                                           ~~~^        ~~~~~~~~~~~~~~~~~~~~~~~~
      |                                                                                              |        |
      |                                                                                              |        uint32_t {aka long unsigned int}
      |                                                                                              unsigned int
      |                                                                                           %02lX
arm-none-eabi-gcc -o "xxq.elf" @"objects.list"   -mcpu=cortex-m4 -T"D:\Programs\STM32CubeIDE\workspace\xxq\STM32F446RETX_FLASH.ld" --specs=nosys.specs -Wl,-Map="xxq.map" -Wl,--gc-sections -static -u _printf_float --specs=nano.specs -mfpu=fpv4-sp-d16 -mfloat-abi=hard -mthumb -Wl,--start-group -lc -lm -Wl,--end-group
D:/Programs/STM32CubeIDE/STM32CubeIDE_1.19.0/STM32CubeIDE/plugins/com.st.stm32cube.ide.mcu.externaltools.gnu-tools-for-stm32.13.3.rel1.win32_1.0.0.202411081344/tools/bin/../lib/gcc/arm-none-eabi/13.3.1/../../../../arm-none-eabi/bin/ld.exe: warning: xxq.elf has a LOAD segment with RWX permissions
Finished building target: xxq.elf
 
arm-none-eabi-size  xxq.elf 
arm-none-eabi-objdump -h -S xxq.elf  > "xxq.list"
   text	   data	    bss	    dec	    hex	filename
  65020	    476	   2740	  68236	  10a8c	xxq.elf
Finished building: default.size.stdout
 
Finished building: xxq.list
 
21:43:07 **** Incremental Build of configuration Debug for project xxq ****
make -j16 all 
arm-none-eabi-gcc "../Core/Src/main.c" -mcpu=cortex-m4 -std=gnu11 -g3 -DUSE_HAL_DRIVER -DSTM32F446xx -DDEBUG -c -I../Core/Inc -I../Drivers/STM32F4xx_HAL_Driver/Inc -I../Drivers/STM32F4xx_HAL_Driver/Inc/Legacy -I../Drivers/CMSIS/Device/ST/STM32F4xx/Include -I../Drivers/CMSIS/Include -O0 -ffunction-sections -fdata-sections -Wall -fstack-usage -fcyclomatic-complexity -MMD -MP -MF"Core/Src/main.d" -MT"Core/Src/main.o" --specs=nano.specs -mfpu=fpv4-sp-d16 -mfloat-abi=hard -mthumb -o "Core/Src/main.o"
../Core/Src/main.c: In function 'main':
../Core/Src/main.c:328:22: warning: implicit declaration of function 'fabsf' [-Wimplicit-function-declaration]
  328 |                     (fabsf(speed_right_raw) > 10.0f) ? "R_ENC_OVERFLOW!" : "OK");
      |                      ^~~~~
../Core/Src/main.c:36:1: note: include '<math.h>' or provide a declaration of 'fabsf'
   35 | #include "hardware/Encoder.h"
  +++ |+#include <math.h>
   36 | 
../Core/Src/main.c:328:22: warning: incompatible implicit declaration of built-in function 'fabsf' [-Wbuiltin-declaration-mismatch]
  328 |                     (fabsf(speed_right_raw) > 10.0f) ? "R_ENC_OVERFLOW!" : "OK");
      |                      ^~~~~
../Core/Src/main.c:328:22: note: include '<math.h>' or provide a declaration of 'fabsf'
../Core/Src/main.c:353:31: warning: passing argument 1 of 'HAL_UART_Transmit' from incompatible pointer type [-Wincompatible-pointer-types]
  353 |             HAL_UART_Transmit(&htim1, (uint8_t*)"Right Motor Only (50%)\r\n", 25, HAL_MAX_DELAY);
      |                               ^~~~~~
      |                               |
      |                               TIM_HandleTypeDef *
In file included from ../Core/Inc/stm32f4xx_hal_conf.h:404,
                 from ../Drivers/STM32F4xx_HAL_Driver/Inc/stm32f4xx_hal.h:30,
                 from ../Core/Inc/main.h:33,
                 from ../Core/Src/main.c:23:
../Drivers/STM32F4xx_HAL_Driver/Inc/stm32f4xx_hal_uart.h:696:57: note: expected 'UART_HandleTypeDef *' {aka 'struct __UART_HandleTypeDef *'} but argument is of type 'TIM_HandleTypeDef *'
  696 | HAL_StatusTypeDef HAL_UART_Transmit(UART_HandleTypeDef *huart, uint8_t *pData, uint16_t Size, uint32_t Timeout);
      |                                     ~~~~~~~~~~~~~~~~~~~~^~~~~
../Core/Src/main.c:427:30: warning: unused variable 'valid_packets' [-Wunused-variable]
  427 |                     uint32_t valid_packets = 0;  // 未使用（原始流模式无数据包概念）
      |                              ^~~~~~~~~~~~~
../Core/Src/main.c:197:9: warning: unused variable 'dt' [-Wunused-variable]
  197 |   float dt = 0.0f;
      |         ^~
../Core/Src/main.c:196:12: warning: unused variable 'current_time' [-Wunused-variable]
  196 |   uint32_t current_time = 0;
      |            ^~~~~~~~~~~~
../Core/Src/main.c:195:12: warning: unused variable 'previous_time' [-Wunused-variable]
  195 |   uint32_t previous_time = 0;
      |            ^~~~~~~~~~~~~
../Core/Src/main.c: In function 'Send_MPU6500_Data':
../Core/Src/main.c:1221:94: warning: format '%X' expects argument of type 'unsigned int', but argument 4 has type 'uint32_t' {aka 'long unsigned int'} [-Wformat=]
 1221 |             snprintf(msg + strlen(msg), sizeof(msg) - strlen(msg), "I2C: Unknown error (0x%02X)\r\n", HAL_I2C_GetError(&hi2c1));
      |                                                                                           ~~~^        ~~~~~~~~~~~~~~~~~~~~~~~~
      |                                                                                              |        |
      |                                                                                              |        uint32_t {aka long unsigned int}
      |                                                                                              unsigned int
      |                                                                                           %02lX
arm-none-eabi-gcc -o "xxq.elf" @"objects.list"   -mcpu=cortex-m4 -T"D:\Programs\STM32CubeIDE\workspace\xxq\STM32F446RETX_FLASH.ld" --specs=nosys.specs -Wl,-Map="xxq.map" -Wl,--gc-sections -static -u _printf_float --specs=nano.specs -mfpu=fpv4-sp-d16 -mfloat-abi=hard -mthumb -Wl,--start-group -lc -lm -Wl,--end-group
D:/Programs/STM32CubeIDE/STM32CubeIDE_1.19.0/STM32CubeIDE/plugins/com.st.stm32cube.ide.mcu.externaltools.gnu-tools-for-stm32.13.3.rel1.win32_1.0.0.202411081344/tools/bin/../lib/gcc/arm-none-eabi/13.3.1/../../../../arm-none-eabi/bin/ld.exe: warning: xxq.elf has a LOAD segment with RWX permissions
Finished building target: xxq.elf
 
arm-none-eabi-size  xxq.elf 
arm-none-eabi-objdump -h -S xxq.elf  > "xxq.list"
   text	   data	    bss	    dec	    hex	filename
  64804	    476	   2740	  68020	  109b4	xxq.elf
Finished building: default.size.stdout
 
Finished building: xxq.list
 
22:02:52 **** Incremental Build of configuration Debug for project xxq ****
make -j16 all 
arm-none-eabi-gcc "../Core/Src/hardware/Delay.c" -mcpu=cortex-m4 -std=gnu11 -g3 -DUSE_HAL_DRIVER -DSTM32F446xx -DDEBUG -c -I../Core/Inc -I../Drivers/STM32F4xx_HAL_Driver/Inc -I../Drivers/STM32F4xx_HAL_Driver/Inc/Legacy -I../Drivers/CMSIS/Device/ST/STM32F4xx/Include -I../Drivers/CMSIS/Include -O0 -ffunction-sections -fdata-sections -Wall -fstack-usage -fcyclomatic-complexity -MMD -MP -MF"Core/Src/hardware/Delay.d" -MT"Core/Src/hardware/Delay.o" --specs=nano.specs -mfpu=fpv4-sp-d16 -mfloat-abi=hard -mthumb -o "Core/Src/hardware/Delay.o"
arm-none-eabi-gcc "../Core/Src/hardware/Encoder.c" -mcpu=cortex-m4 -std=gnu11 -g3 -DUSE_HAL_DRIVER -DSTM32F446xx -DDEBUG -c -I../Core/Inc -I../Drivers/STM32F4xx_HAL_Driver/Inc -I../Drivers/STM32F4xx_HAL_Driver/Inc/Legacy -I../Drivers/CMSIS/Device/ST/STM32F4xx/Include -I../Drivers/CMSIS/Include -O0 -ffunction-sections -fdata-sections -Wall -fstack-usage -fcyclomatic-complexity -MMD -MP -MF"Core/Src/hardware/Encoder.d" -MT"Core/Src/hardware/Encoder.o" --specs=nano.specs -mfpu=fpv4-sp-d16 -mfloat-abi=hard -mthumb -o "Core/Src/hardware/Encoder.o"
arm-none-eabi-gcc "../Core/Src/hardware/Motor.c" -mcpu=cortex-m4 -std=gnu11 -g3 -DUSE_HAL_DRIVER -DSTM32F446xx -DDEBUG -c -I../Core/Inc -I../Drivers/STM32F4xx_HAL_Driver/Inc -I../Drivers/STM32F4xx_HAL_Driver/Inc/Legacy -I../Drivers/CMSIS/Device/ST/STM32F4xx/Include -I../Drivers/CMSIS/Include -O0 -ffunction-sections -fdata-sections -Wall -fstack-usage -fcyclomatic-complexity -MMD -MP -MF"Core/Src/hardware/Motor.d" -MT"Core/Src/hardware/Motor.o" --specs=nano.specs -mfpu=fpv4-sp-d16 -mfloat-abi=hard -mthumb -o "Core/Src/hardware/Motor.o"
arm-none-eabi-gcc "../Core/Src/hardware/OLED.c" -mcpu=cortex-m4 -std=gnu11 -g3 -DUSE_HAL_DRIVER -DSTM32F446xx -DDEBUG -c -I../Core/Inc -I../Drivers/STM32F4xx_HAL_Driver/Inc -I../Drivers/STM32F4xx_HAL_Driver/Inc/Legacy -I../Drivers/CMSIS/Device/ST/STM32F4xx/Include -I../Drivers/CMSIS/Include -O0 -ffunction-sections -fdata-sections -Wall -fstack-usage -fcyclomatic-complexity -MMD -MP -MF"Core/Src/hardware/OLED.d" -MT"Core/Src/hardware/OLED.o" --specs=nano.specs -mfpu=fpv4-sp-d16 -mfloat-abi=hard -mthumb -o "Core/Src/hardware/OLED.o"
arm-none-eabi-gcc "../Core/Src/hardware/mpu6500.c" -mcpu=cortex-m4 -std=gnu11 -g3 -DUSE_HAL_DRIVER -DSTM32F446xx -DDEBUG -c -I../Core/Inc -I../Drivers/STM32F4xx_HAL_Driver/Inc -I../Drivers/STM32F4xx_HAL_Driver/Inc/Legacy -I../Drivers/CMSIS/Device/ST/STM32F4xx/Include -I../Drivers/CMSIS/Include -O0 -ffunction-sections -fdata-sections -Wall -fstack-usage -fcyclomatic-complexity -MMD -MP -MF"Core/Src/hardware/mpu6500.d" -MT"Core/Src/hardware/mpu6500.o" --specs=nano.specs -mfpu=fpv4-sp-d16 -mfloat-abi=hard -mthumb -o "Core/Src/hardware/mpu6500.o"
arm-none-eabi-gcc "../Core/Src/hardware/pid.c" -mcpu=cortex-m4 -std=gnu11 -g3 -DUSE_HAL_DRIVER -DSTM32F446xx -DDEBUG -c -I../Core/Inc -I../Drivers/STM32F4xx_HAL_Driver/Inc -I../Drivers/STM32F4xx_HAL_Driver/Inc/Legacy -I../Drivers/CMSIS/Device/ST/STM32F4xx/Include -I../Drivers/CMSIS/Include -O0 -ffunction-sections -fdata-sections -Wall -fstack-usage -fcyclomatic-complexity -MMD -MP -MF"Core/Src/hardware/pid.d" -MT"Core/Src/hardware/pid.o" --specs=nano.specs -mfpu=fpv4-sp-d16 -mfloat-abi=hard -mthumb -o "Core/Src/hardware/pid.o"
arm-none-eabi-gcc "../Core/Src/hardware/radar.c" -mcpu=cortex-m4 -std=gnu11 -g3 -DUSE_HAL_DRIVER -DSTM32F446xx -DDEBUG -c -I../Core/Inc -I../Drivers/STM32F4xx_HAL_Driver/Inc -I../Drivers/STM32F4xx_HAL_Driver/Inc/Legacy -I../Drivers/CMSIS/Device/ST/STM32F4xx/Include -I../Drivers/CMSIS/Include -O0 -ffunction-sections -fdata-sections -Wall -fstack-usage -fcyclomatic-complexity -MMD -MP -MF"Core/Src/hardware/radar.d" -MT"Core/Src/hardware/radar.o" --specs=nano.specs -mfpu=fpv4-sp-d16 -mfloat-abi=hard -mthumb -o "Core/Src/hardware/radar.o"
arm-none-eabi-gcc "../Core/Src/main.c" -mcpu=cortex-m4 -std=gnu11 -g3 -DUSE_HAL_DRIVER -DSTM32F446xx -DDEBUG -c -I../Core/Inc -I../Drivers/STM32F4xx_HAL_Driver/Inc -I../Drivers/STM32F4xx_HAL_Driver/Inc/Legacy -I../Drivers/CMSIS/Device/ST/STM32F4xx/Include -I../Drivers/CMSIS/Include -O0 -ffunction-sections -fdata-sections -Wall -fstack-usage -fcyclomatic-complexity -MMD -MP -MF"Core/Src/main.d" -MT"Core/Src/main.o" --specs=nano.specs -mfpu=fpv4-sp-d16 -mfloat-abi=hard -mthumb -o "Core/Src/main.o"
In file included from ../Core/Src/hardware/OLED.c:2:
../Core/Src/hardware/OLED_Font.h:6:1: warning: missing braces around initializer [-Wmissing-braces]
    6 | {
      | ^
    7 |         0x00,0x00,0x00,0x00,0x00,0x00,0x00,0x00,
      |         {
    8 |         0x00,0x00,0x00,0x00,0x00,0x00,0x00,0x00,//  0
      |                                                }
    9 | 
   10 |         0x00,0x00,0x00,0xF8,0x00,0x00,0x00,0x00,
      |         {
   11 |         0x00,0x00,0x00,0x33,0x30,0x00,0x00,0x00,//! 1
      |                                                }
   12 | 
   13 |         0x00,0x10,0x0C,0x06,0x10,0x0C,0x06,0x00,
      |         {
   14 |         0x00,0x00,0x00,0x00,0x00,0x00,0x00,0x00,//" 2
      |                                                }
   15 | 
   16 |         0x40,0xC0,0x78,0x40,0xC0,0x78,0x40,0x00,
      |         {
   17 |         0x04,0x3F,0x04,0x04,0x3F,0x04,0x04,0x00,//# 3
      |                                                }
   18 | 
   19 |         0x00,0x70,0x88,0xFC,0x08,0x30,0x00,0x00,
      |         {
   20 |         0x00,0x18,0x20,0xFF,0x21,0x1E,0x00,0x00,//$ 4
      |                                                }
   21 | 
   22 |         0xF0,0x08,0xF0,0x00,0xE0,0x18,0x00,0x00,
      |         {
   23 |         0x00,0x21,0x1C,0x03,0x1E,0x21,0x1E,0x00,//% 5
      |                                                }
   24 | 
   25 |         0x00,0xF0,0x08,0x88,0x70,0x00,0x00,0x00,
      |         {
   26 |         0x1E,0x21,0x23,0x24,0x19,0x27,0x21,0x10,//& 6
      |                                                }
   27 | 
   28 |         0x10,0x16,0x0E,0x00,0x00,0x00,0x00,0x00,
      |         {
   29 |         0x00,0x00,0x00,0x00,0x00,0x00,0x00,0x00,//' 7
      |                                                }
   30 | 
   31 |         0x00,0x00,0x00,0xE0,0x18,0x04,0x02,0x00,
      |         {
   32 |         0x00,0x00,0x00,0x07,0x18,0x20,0x40,0x00,//( 8
      |                                                }
   33 | 
   34 |         0x00,0x02,0x04,0x18,0xE0,0x00,0x00,0x00,
      |         {
   35 |         0x00,0x40,0x20,0x18,0x07,0x00,0x00,0x00,//) 9
      |                                                }
   36 | 
   37 |         0x40,0x40,0x80,0xF0,0x80,0x40,0x40,0x00,
      |         {
   38 |         0x02,0x02,0x01,0x0F,0x01,0x02,0x02,0x00,//* 10
      |                                                }
   39 | 
   40 |         0x00,0x00,0x00,0xF0,0x00,0x00,0x00,0x00,
      |         {
   41 |         0x01,0x01,0x01,0x1F,0x01,0x01,0x01,0x00,//+ 11
      |                                                }
   42 | 
   43 |         0x00,0x00,0x00,0x00,0x00,0x00,0x00,0x00,
      |         {
   44 |         0x80,0xB0,0x70,0x00,0x00,0x00,0x00,0x00,//, 12
      |                                                }
   45 | 
   46 |         0x00,0x00,0x00,0x00,0x00,0x00,0x00,0x00,
      |         {
   47 |         0x00,0x01,0x01,0x01,0x01,0x01,0x01,0x01,//- 13
      |                                                }
   48 | 
   49 |         0x00,0x00,0x00,0x00,0x00,0x00,0x00,0x00,
      |         {
   50 |         0x00,0x30,0x30,0x00,0x00,0x00,0x00,0x00,//. 14
      |                                                }
   51 | 
   52 |         0x00,0x00,0x00,0x00,0x80,0x60,0x18,0x04,
      |         {
   53 |         0x00,0x60,0x18,0x06,0x01,0x00,0x00,0x00,/// 15
      |                                                }
   54 | 
   55 |         0x00,0xE0,0x10,0x08,0x08,0x10,0xE0,0x00,
      |         {
   56 |         0x00,0x0F,0x10,0x20,0x20,0x10,0x0F,0x00,//0 16
      |                                                }
   57 | 
   58 |         0x00,0x10,0x10,0xF8,0x00,0x00,0x00,0x00,
      |         {
   59 |         0x00,0x20,0x20,0x3F,0x20,0x20,0x00,0x00,//1 17
      |                                                }
   60 | 
   61 |         0x00,0x70,0x08,0x08,0x08,0x88,0x70,0x00,
      |         {
   62 |         0x00,0x30,0x28,0x24,0x22,0x21,0x30,0x00,//2 18
      |                                                }
   63 | 
   64 |         0x00,0x30,0x08,0x88,0x88,0x48,0x30,0x00,
      |         {
   65 |         0x00,0x18,0x20,0x20,0x20,0x11,0x0E,0x00,//3 19
      |                                                }
   66 | 
   67 |         0x00,0x00,0xC0,0x20,0x10,0xF8,0x00,0x00,
      |         {
   68 |         0x00,0x07,0x04,0x24,0x24,0x3F,0x24,0x00,//4 20
      |                                                }
   69 | 
   70 |         0x00,0xF8,0x08,0x88,0x88,0x08,0x08,0x00,
      |         {
   71 |         0x00,0x19,0x21,0x20,0x20,0x11,0x0E,0x00,//5 21
      |                                                }
   72 | 
   73 |         0x00,0xE0,0x10,0x88,0x88,0x18,0x00,0x00,
      |         {
   74 |         0x00,0x0F,0x11,0x20,0x20,0x11,0x0E,0x00,//6 22
      |                                                }
   75 | 
   76 |         0x00,0x38,0x08,0x08,0xC8,0x38,0x08,0x00,
      |         {
   77 |         0x00,0x00,0x00,0x3F,0x00,0x00,0x00,0x00,//7 23
      |                                                }
   78 | 
   79 |         0x00,0x70,0x88,0x08,0x08,0x88,0x70,0x00,
      |         {
   80 |         0x00,0x1C,0x22,0x21,0x21,0x22,0x1C,0x00,//8 24
      |                                                }
   81 | 
   82 |         0x00,0xE0,0x10,0x08,0x08,0x10,0xE0,0x00,
      |         {
   83 |         0x00,0x00,0x31,0x22,0x22,0x11,0x0F,0x00,//9 25
      |                                                }
   84 | 
   85 |         0x00,0x00,0x00,0xC0,0xC0,0x00,0x00,0x00,
      |         {
   86 |         0x00,0x00,0x00,0x30,0x30,0x00,0x00,0x00,//: 26
      |                                                }
   87 | 
   88 |         0x00,0x00,0x00,0x80,0x00,0x00,0x00,0x00,
      |         {
   89 |         0x00,0x00,0x80,0x60,0x00,0x00,0x00,0x00,//; 27
      |                                                }
   90 | 
   91 |         0x00,0x00,0x80,0x40,0x20,0x10,0x08,0x00,
      |         {
   92 |         0x00,0x01,0x02,0x04,0x08,0x10,0x20,0x00,//< 28
      |                                                }
   93 | 
   94 |         0x40,0x40,0x40,0x40,0x40,0x40,0x40,0x00,
      |         {
   95 |         0x04,0x04,0x04,0x04,0x04,0x04,0x04,0x00,//= 29
      |                                                }
   96 | 
   97 |         0x00,0x08,0x10,0x20,0x40,0x80,0x00,0x00,
      |         {
   98 |         0x00,0x20,0x10,0x08,0x04,0x02,0x01,0x00,//> 30
      |                                                }
   99 | 
  100 |         0x00,0x70,0x48,0x08,0x08,0x08,0xF0,0x00,
      |         {
  101 |         0x00,0x00,0x00,0x30,0x36,0x01,0x00,0x00,//? 31
      |                                                }
  102 | 
  103 |         0xC0,0x30,0xC8,0x28,0xE8,0x10,0xE0,0x00,
      |         {
  104 |         0x07,0x18,0x27,0x24,0x23,0x14,0x0B,0x00,//@ 32
      |                                                }
  105 | 
  106 |         0x00,0x00,0xC0,0x38,0xE0,0x00,0x00,0x00,
      |         {
  107 |         0x20,0x3C,0x23,0x02,0x02,0x27,0x38,0x20,//A 33
      |                                                }
  108 | 
  109 |         0x08,0xF8,0x88,0x88,0x88,0x70,0x00,0x00,
      |         {
  110 |         0x20,0x3F,0x20,0x20,0x20,0x11,0x0E,0x00,//B 34
      |                                                }
  111 | 
  112 |         0xC0,0x30,0x08,0x08,0x08,0x08,0x38,0x00,
      |         {
  113 |         0x07,0x18,0x20,0x20,0x20,0x10,0x08,0x00,//C 35
      |                                                }
  114 | 
  115 |         0x08,0xF8,0x08,0x08,0x08,0x10,0xE0,0x00,
      |         {
  116 |         0x20,0x3F,0x20,0x20,0x20,0x10,0x0F,0x00,//D 36
      |                                                }
  117 | 
  118 |         0x08,0xF8,0x88,0x88,0xE8,0x08,0x10,0x00,
      |         {
  119 |         0x20,0x3F,0x20,0x20,0x23,0x20,0x18,0x00,//E 37
      |                                                }
  120 | 
  121 |         0x08,0xF8,0x88,0x88,0xE8,0x08,0x10,0x00,
      |         {
  122 |         0x20,0x3F,0x20,0x00,0x03,0x00,0x00,0x00,//F 38
      |                                                }
  123 | 
  124 |         0xC0,0x30,0x08,0x08,0x08,0x38,0x00,0x00,
      |         {
  125 |         0x07,0x18,0x20,0x20,0x22,0x1E,0x02,0x00,//G 39
      |                                                }
  126 | 
  127 |         0x08,0xF8,0x08,0x00,0x00,0x08,0xF8,0x08,
      |         {
  128 |         0x20,0x3F,0x21,0x01,0x01,0x21,0x3F,0x20,//H 40
      |                                                }
  129 | 
  130 |         0x00,0x08,0x08,0xF8,0x08,0x08,0x00,0x00,
      |         {
  131 |         0x00,0x20,0x20,0x3F,0x20,0x20,0x00,0x00,//I 41
[...]
arm-none-eabi-gcc "../Core/Src/hardware/Motor.c" -mcpu=cortex-m4 -std=gnu11 -g3 -DUSE_HAL_DRIVER -DSTM32F446xx -DDEBUG -c -I../Core/Inc -I../Drivers/STM32F4xx_HAL_Driver/Inc -I../Drivers/STM32F4xx_HAL_Driver/Inc/Legacy -I../Drivers/CMSIS/Device/ST/STM32F4xx/Include -I../Drivers/CMSIS/Include -O0 -ffunction-sections -fdata-sections -Wall -fstack-usage -fcyclomatic-complexity -MMD -MP -MF"Core/Src/hardware/Motor.d" -MT"Core/Src/hardware/Motor.o" --specs=nano.specs -mfpu=fpv4-sp-d16 -mfloat-abi=hard -mthumb -o "Core/Src/hardware/Motor.o"
arm-none-eabi-gcc "../Core/Src/hardware/mpu6500.c" -mcpu=cortex-m4 -std=gnu11 -g3 -DUSE_HAL_DRIVER -DSTM32F446xx -DDEBUG -c -I../Core/Inc -I../Drivers/STM32F4xx_HAL_Driver/Inc -I../Drivers/STM32F4xx_HAL_Driver/Inc/Legacy -I../Drivers/CMSIS/Device/ST/STM32F4xx/Include -I../Drivers/CMSIS/Include -O0 -ffunction-sections -fdata-sections -Wall -fstack-usage -fcyclomatic-complexity -MMD -MP -MF"Core/Src/hardware/mpu6500.d" -MT"Core/Src/hardware/mpu6500.o" --specs=nano.specs -mfpu=fpv4-sp-d16 -mfloat-abi=hard -mthumb -o "Core/Src/hardware/mpu6500.o"
arm-none-eabi-gcc "../Core/Src/hardware/pid.c" -mcpu=cortex-m4 -std=gnu11 -g3 -DUSE_HAL_DRIVER -DSTM32F446xx -DDEBUG -c -I../Core/Inc -I../Drivers/STM32F4xx_HAL_Driver/Inc -I../Drivers/STM32F4xx_HAL_Driver/Inc/Legacy -I../Drivers/CMSIS/Device/ST/STM32F4xx/Include -I../Drivers/CMSIS/Include -O0 -ffunction-sections -fdata-sections -Wall -fstack-usage -fcyclomatic-complexity -MMD -MP -MF"Core/Src/hardware/pid.d" -MT"Core/Src/hardware/pid.o" --specs=nano.specs -mfpu=fpv4-sp-d16 -mfloat-abi=hard -mthumb -o "Core/Src/hardware/pid.o"
arm-none-eabi-gcc "../Core/Src/hardware/radar.c" -mcpu=cortex-m4 -std=gnu11 -g3 -DUSE_HAL_DRIVER -DSTM32F446xx -DDEBUG -c -I../Core/Inc -I../Drivers/STM32F4xx_HAL_Driver/Inc -I../Drivers/STM32F4xx_HAL_Driver/Inc/Legacy -I../Drivers/CMSIS/Device/ST/STM32F4xx/Include -I../Drivers/CMSIS/Include -O0 -ffunction-sections -fdata-sections -Wall -fstack-usage -fcyclomatic-complexity -MMD -MP -MF"Core/Src/hardware/radar.d" -MT"Core/Src/hardware/radar.o" --specs=nano.specs -mfpu=fpv4-sp-d16 -mfloat-abi=hard -mthumb -o "Core/Src/hardware/radar.o"
arm-none-eabi-gcc "../Core/Src/gpio.c" -mcpu=cortex-m4 -std=gnu11 -g3 -DUSE_HAL_DRIVER -DSTM32F446xx -DDEBUG -c -I../Core/Inc -I../Drivers/STM32F4xx_HAL_Driver/Inc -I../Drivers/STM32F4xx_HAL_Driver/Inc/Legacy -I../Drivers/CMSIS/Device/ST/STM32F4xx/Include -I../Drivers/CMSIS/Include -O0 -ffunction-sections -fdata-sections -Wall -fstack-usage -fcyclomatic-complexity -MMD -MP -MF"Core/Src/gpio.d" -MT"Core/Src/gpio.o" --specs=nano.specs -mfpu=fpv4-sp-d16 -mfloat-abi=hard -mthumb -o "Core/Src/gpio.o"
arm-none-eabi-gcc "../Core/Src/i2c.c" -mcpu=cortex-m4 -std=gnu11 -g3 -DUSE_HAL_DRIVER -DSTM32F446xx -DDEBUG -c -I../Core/Inc -I../Drivers/STM32F4xx_HAL_Driver/Inc -I../Drivers/STM32F4xx_HAL_Driver/Inc/Legacy -I../Drivers/CMSIS/Device/ST/STM32F4xx/Include -I../Drivers/CMSIS/Include -O0 -ffunction-sections -fdata-sections -Wall -fstack-usage -fcyclomatic-complexity -MMD -MP -MF"Core/Src/i2c.d" -MT"Core/Src/i2c.o" --specs=nano.specs -mfpu=fpv4-sp-d16 -mfloat-abi=hard -mthumb -o "Core/Src/i2c.o"
arm-none-eabi-gcc "../Core/Src/main.c" -mcpu=cortex-m4 -std=gnu11 -g3 -DUSE_HAL_DRIVER -DSTM32F446xx -DDEBUG -c -I../Core/Inc -I../Drivers/STM32F4xx_HAL_Driver/Inc -I../Drivers/STM32F4xx_HAL_Driver/Inc/Legacy -I../Drivers/CMSIS/Device/ST/STM32F4xx/Include -I../Drivers/CMSIS/Include -O0 -ffunction-sections -fdata-sections -Wall -fstack-usage -fcyclomatic-complexity -MMD -MP -MF"Core/Src/main.d" -MT"Core/Src/main.o" --specs=nano.specs -mfpu=fpv4-sp-d16 -mfloat-abi=hard -mthumb -o "Core/Src/main.o"
arm-none-eabi-gcc "../Core/Src/spi.c" -mcpu=cortex-m4 -std=gnu11 -g3 -DUSE_HAL_DRIVER -DSTM32F446xx -DDEBUG -c -I../Core/Inc -I../Drivers/STM32F4xx_HAL_Driver/Inc -I../Drivers/STM32F4xx_HAL_Driver/Inc/Legacy -I../Drivers/CMSIS/Device/ST/STM32F4xx/Include -I../Drivers/CMSIS/Include -O0 -ffunction-sections -fdata-sections -Wall -fstack-usage -fcyclomatic-complexity -MMD -MP -MF"Core/Src/spi.d" -MT"Core/Src/spi.o" --specs=nano.specs -mfpu=fpv4-sp-d16 -mfloat-abi=hard -mthumb -o "Core/Src/spi.o"
arm-none-eabi-gcc "../Core/Src/stm32f4xx_hal_msp.c" -mcpu=cortex-m4 -std=gnu11 -g3 -DUSE_HAL_DRIVER -DSTM32F446xx -DDEBUG -c -I../Core/Inc -I../Drivers/STM32F4xx_HAL_Driver/Inc -I../Drivers/STM32F4xx_HAL_Driver/Inc/Legacy -I../Drivers/CMSIS/Device/ST/STM32F4xx/Include -I../Drivers/CMSIS/Include -O0 -ffunction-sections -fdata-sections -Wall -fstack-usage -fcyclomatic-complexity -MMD -MP -MF"Core/Src/stm32f4xx_hal_msp.d" -MT"Core/Src/stm32f4xx_hal_msp.o" --specs=nano.specs -mfpu=fpv4-sp-d16 -mfloat-abi=hard -mthumb -o "Core/Src/stm32f4xx_hal_msp.o"
arm-none-eabi-gcc "../Core/Src/stm32f4xx_it.c" -mcpu=cortex-m4 -std=gnu11 -g3 -DUSE_HAL_DRIVER -DSTM32F446xx -DDEBUG -c -I../Core/Inc -I../Drivers/STM32F4xx_HAL_Driver/Inc -I../Drivers/STM32F4xx_HAL_Driver/Inc/Legacy -I../Drivers/CMSIS/Device/ST/STM32F4xx/Include -I../Drivers/CMSIS/Include -O0 -ffunction-sections -fdata-sections -Wall -fstack-usage -fcyclomatic-complexity -MMD -MP -MF"Core/Src/stm32f4xx_it.d" -MT"Core/Src/stm32f4xx_it.o" --specs=nano.specs -mfpu=fpv4-sp-d16 -mfloat-abi=hard -mthumb -o "Core/Src/stm32f4xx_it.o"
arm-none-eabi-gcc "../Core/Src/tim.c" -mcpu=cortex-m4 -std=gnu11 -g3 -DUSE_HAL_DRIVER -DSTM32F446xx -DDEBUG -c -I../Core/Inc -I../Drivers/STM32F4xx_HAL_Driver/Inc -I../Drivers/STM32F4xx_HAL_Driver/Inc/Legacy -I../Drivers/CMSIS/Device/ST/STM32F4xx/Include -I../Drivers/CMSIS/Include -O0 -ffunction-sections -fdata-sections -Wall -fstack-usage -fcyclomatic-complexity -MMD -MP -MF"Core/Src/tim.d" -MT"Core/Src/tim.o" --specs=nano.specs -mfpu=fpv4-sp-d16 -mfloat-abi=hard -mthumb -o "Core/Src/tim.o"
arm-none-eabi-gcc "../Core/Src/usart.c" -mcpu=cortex-m4 -std=gnu11 -g3 -DUSE_HAL_DRIVER -DSTM32F446xx -DDEBUG -c -I../Core/Inc -I../Drivers/STM32F4xx_HAL_Driver/Inc -I../Drivers/STM32F4xx_HAL_Driver/Inc/Legacy -I../Drivers/CMSIS/Device/ST/STM32F4xx/Include -I../Drivers/CMSIS/Include -O0 -ffunction-sections -fdata-sections -Wall -fstack-usage -fcyclomatic-complexity -MMD -MP -MF"Core/Src/usart.d" -MT"Core/Src/usart.o" --specs=nano.specs -mfpu=fpv4-sp-d16 -mfloat-abi=hard -mthumb -o "Core/Src/usart.o"
../Core/Src/hardware/Motor.c: In function 'Motor_PID_Control':
../Core/Src/hardware/Motor.c:601:53: warning: implicit declaration of function 'strlen' [-Wimplicit-function-declaration]
  601 |         HAL_UART_Transmit(&huart4, (uint8_t*)debug, strlen(debug), 100);
      |                                                     ^~~~~~
../Core/Src/hardware/Motor.c:8:1: note: include '<string.h>' or provide a declaration of 'strlen'
    7 | #include "encoder.h"
  +++ |+#include <string.h>
    8 | 
../Core/Src/hardware/Motor.c:601:53: warning: incompatible implicit declaration of built-in function 'strlen' [-Wbuiltin-declaration-mismatch]
  601 |         HAL_UART_Transmit(&huart4, (uint8_t*)debug, strlen(debug), 100);
      |                                                     ^~~~~~
../Core/Src/hardware/Motor.c:601:53: note: include '<string.h>' or provide a declaration of 'strlen'
../Core/Src/hardware/Motor.c: In function 'Motor_EncoderSingleTest':
../Core/Src/hardware/Motor.c:752:47: warning: incompatible implicit declaration of built-in function 'strlen' [-Wbuiltin-declaration-mismatch]
  752 |     HAL_UART_Transmit(&huart4, (uint8_t*)msg, strlen(msg), 100);
      |                                               ^~~~~~
../Core/Src/hardware/Motor.c:752:47: note: include '<string.h>' or provide a declaration of 'strlen'
../Core/Src/hardware/Motor.c: In function 'Motor_EncoderDiagnosticTest':
../Core/Src/hardware/Motor.c:833:47: warning: incompatible implicit declaration of built-in function 'strlen' [-Wbuiltin-declaration-mismatch]
  833 |     HAL_UART_Transmit(&huart4, (uint8_t*)msg, strlen(msg), 100);
      |                                               ^~~~~~
../Core/Src/hardware/Motor.c:833:47: note: include '<string.h>' or provide a declaration of 'strlen'
../Core/Src/hardware/Motor.c: In function 'Motor_EncoderFullTest':
../Core/Src/hardware/Motor.c:910:47: warning: incompatible implicit declaration of built-in function 'strlen' [-Wbuiltin-declaration-mismatch]
  910 |     HAL_UART_Transmit(&huart4, (uint8_t*)msg, strlen(msg), 100);
      |                                               ^~~~~~
../Core/Src/hardware/Motor.c:910:47: note: include '<string.h>' or provide a declaration of 'strlen'
../Core/Src/hardware/Motor.c: In function 'Motor_PWM_Calibration':
../Core/Src/hardware/Motor.c:957:47: warning: incompatible implicit declaration of built-in function 'strlen' [-Wbuiltin-declaration-mismatch]
  957 |     HAL_UART_Transmit(&huart4, (uint8_t*)msg, strlen(msg), 100);
      |                                               ^~~~~~
../Core/Src/hardware/Motor.c:957:47: note: include '<string.h>' or provide a declaration of 'strlen'
../Core/Src/hardware/Motor.c: In function 'Motor_EncoderQuickCheck':
../Core/Src/hardware/Motor.c:1055:47: warning: incompatible implicit declaration of built-in function 'strlen' [-Wbuiltin-declaration-mismatch]
 1055 |     HAL_UART_Transmit(&huart4, (uint8_t*)msg, strlen(msg), 100);
      |                                               ^~~~~~
../Core/Src/hardware/Motor.c:1055:47: note: include '<string.h>' or provide a declaration of 'strlen'
../Core/Src/hardware/mpu6500.c: In function 'MPU6500_DisplayUserFriendlyData':
../Core/Src/hardware/mpu6500.c:447:5: warning: implicit declaration of function 'snprintf' [-Wimplicit-function-declaration]
  447 |     snprintf(output_buffer, sizeof(output_buffer),
      |     ^~~~~~~~
../Core/Src/hardware/mpu6500.c:11:1: note: include '<stdio.h>' or provide a declaration of 'snprintf'
   10 | #include <string.h>
  +++ |+#include <stdio.h>
   11 | 
../Core/Src/hardware/mpu6500.c:447:5: warning: incompatible implicit declaration of built-in function 'snprintf' [-Wbuiltin-declaration-mismatch]
  447 |     snprintf(output_buffer, sizeof(output_buffer),
      |     ^~~~~~~~
../Core/Src/hardware/mpu6500.c:447:5: note: include '<stdio.h>' or provide a declaration of 'snprintf'
../Core/Src/tim.c: In function 'MX_TIM3_Init':
../Core/Src/tim.c:138:29: warning: unused variable 'sMasterConfig' [-Wunused-variable]
  138 |     TIM_MasterConfigTypeDef sMasterConfig = {0};
      |                             ^~~~~~~~~~~~~
../Core/Src/main.c: In function 'main':
../Core/Src/main.c:236:16: warning: unused variable 'mpu_raw_data' [-Wunused-variable]
  236 |   MPU6500_Data mpu_raw_data;           // MPU6500原始数据
      |                ^~~~~~~~~~~~
../Core/Src/main.c:233:9: warning: unused variable 'delta_time' [-Wunused-variable]
  233 |   float delta_time = 0.0f;             // 时间间隔 (秒)
      |         ^~~~~~~~~~
../Core/Src/main.c:232:12: warning: unused variable 'current_time' [-Wunused-variable]
  232 |   uint32_t current_time = 0;           // 当前系统时间戳
      |            ^~~~~~~~~~~~
../Core/Src/main.c:231:12: warning: unused variable 'last_control_time' [-Wunused-variable]
  231 |   uint32_t last_control_time = 0;      // 上次控制循环时间戳
      |            ^~~~~~~~~~~~~~~~~
../Core/Src/main.c:228:9: warning: unused variable 'current_speed_right' [-Wunused-variable]
  228 |   float current_speed_right = 0.0f;    // 当前右轮速度 (RPS)
      |         ^~~~~~~~~~~~~~~~~~~
../Core/Src/main.c:227:9: warning: unused variable 'current_speed_left' [-Wunused-variable]
  227 |   float current_speed_left = 0.0f;     // 当前左轮速度 (RPS)
      |         ^~~~~~~~~~~~~~~~~~
../Core/Src/main.c: In function 'Command_ProcessUserInput':
../Core/Src/main.c:592:30: warning: implicit declaration of function 'fabs' [-Wimplicit-function-declaration]
  592 |                             (fabs(roll) < 10) ? "(Good)" : (fabs(roll) > 45) ? "(WRONG ORIENTATION!)" : "(Tilted)",
      |                              ^~~~
../Core/Src/main.c:57:1: note: include '<math.h>' or provide a declaration of 'fabs'
   56 | #include "hardware/radar.h"
  +++ |+#include <math.h>
   57 | 
../Core/Src/main.c:592:30: warning: incompatible implicit declaration of built-in function 'fabs' [-Wbuiltin-declaration-mismatch]
  592 |                             (fabs(roll) < 10) ? "(Good)" : (fabs(roll) > 45) ? "(WRONG ORIENTATION!)" : "(Tilted)",
      |                              ^~~~
../Core/Src/main.c:592:30: note: include '<math.h>' or provide a declaration of 'fabs'
../Core/Src/main.c:595:29: warning: implicit declaration of function 'sqrtf' [-Wimplicit-function-declaration]
  595 |                             sqrtf(calib_data.Accel_X*calib_data.Accel_X + calib_data.Accel_Y*calib_data.Accel_Y + calib_data.Accel_Z*calib_data.Accel_Z) * 9.80665f / 16384.0f,
      |                             ^~~~~
../Core/Src/main.c:595:29: note: include '<math.h>' or provide a declaration of 'sqrtf'
../Core/Src/main.c:595:29: warning: incompatible implicit declaration of built-in function 'sqrtf' [-Wbuiltin-declaration-mismatch]
../Core/Src/main.c:595:29: note: include '<math.h>' or provide a declaration of 'sqrtf'
../Core/Src/main.c:784:28: warning: unused variable 'init_msg' [-Wunused-variable]
  784 |                       char init_msg[100];
      |                            ^~~~~~~~
../Core/Src/main.c:579:29: warning: ' deg/s (Normal ~0 when stati...' directive output truncated writing 173 bytes into a region of size 97 [-Wformat-truncation=]
  579 |                             "\r\n+==================== MPU6500 DATA ANALYSIS ====================+\r\n"
      |                             ^~~~~~~~~~~~~~~~~~~~~~~~~~~~~~~~~~~~~~~~~~~~~~~~~~~~~~~~~~~~~~~~~~~~~~~~~~~
../Core/Src/main.c:587:86: note: format string is defined here
  586 |                             "|   Gyro Total:  %5.2f deg/s (Normal ~0 when static)        |\r\n"
      |                                                    ~~~~~~~~~~~~~~~~~~~~~~~~~~~~~~~~~~~~~~~~~~~~
  587 |                             "|                                                            |\r\n"
      |                             ~~~~~~~~~~~~~~~~~~~~~~~~~~~~~~~~~~~~~~~~~~~~~~~~~~~~~~~~~^~~~~~~~~~~
  588 |                             "| INSTALLATION CHECK:                                        |\r\n"
      |                             ~~~~~~~~~~~~~~~~~~~~~~~~~~~~~~~~~~~~~~~~~~~~~~~~~~~~~~~~~~~~~~~~~~~~
  589 |                             "|   %s\r\n"
      |                             ~~~~~                                                     
../Core/Src/main.c:578:21: note: 'snprintf' output 678 or more bytes into a destination of size 500
  578 |                     snprintf(analysis, sizeof(analysis),
      |                     ^~~~~~~~~~~~~~~~~~~~~~~~~~~~~~~~~~~~
  579 |                             "\r\n+==================== MPU6500 DATA ANALYSIS ====================+\r\n"
      |                             ~~~~~~~~~~~~~~~~~~~~~~~~~~~~~~~~~~~~~~~~~~~~~~~~~~~~~~~~~~~~~~~~~~~~~~~~~~~
  580 |                             "| SENSOR ORIENTATION ANALYSIS:                               |\r\n"
      |                             ~~~~~~~~~~~~~~~~~~~~~~~~~~~~~~~~~~~~~~~~~~~~~~~~~~~~~~~~~~~~~~~~~~~~
  581 |                             "|   Roll:  %6.1f° %s\r\n"
      |                             ~~~~~~~~~~~~~~~~~~~~~~~~~~
  582 |                             "|   Pitch: %6.1f° %s\r\n"
      |                             ~~~~~~~~~~~~~~~~~~~~~~~~~~
  583 |                             "|                                                            |\r\n"
      |                             ~~~~~~~~~~~~~~~~~~~~~~~~~~~~~~~~~~~~~~~~~~~~~~~~~~~~~~~~~~~~~~~~~~~~
  584 |                             "| MOTION ANALYSIS:                                           |\r\n"
      |                             ~~~~~~~~~~~~~~~~~~~~~~~~~~~~~~~~~~~~~~~~~~~~~~~~~~~~~~~~~~~~~~~~~~~~
  585 |                             "|   Accel Total: %5.2f m/s² (Normal ~9.8 when static)       |\r\n"
      |                             ~~~~~~~~~~~~~~~~~~~~~~~~~~~~~~~~~~~~~~~~~~~~~~~~~~~~~~~~~~~~~~~~~~~
  586 |                             "|   Gyro Total:  %5.2f deg/s (Normal ~0 when static)        |\r\n"
      |                             ~~~~~~~~~~~~~~~~~~~~~~~~~~~~~~~~~~~~~~~~~~~~~~~~~~~~~~~~~~~~~~~~~~~
  587 |                             "|                                                            |\r\n"
      |                             ~~~~~~~~~~~~~~~~~~~~~~~~~~~~~~~~~~~~~~~~~~~~~~~~~~~~~~~~~~~~~~~~~~~~
  588 |                             "| INSTALLATION CHECK:                                        |\r\n"
      |                             ~~~~~~~~~~~~~~~~~~~~~~~~~~~~~~~~~~~~~~~~~~~~~~~~~~~~~~~~~~~~~~~~~~~~
  589 |                             "|   %s\r\n"
      |                             ~~~~~~~~~~~~
  590 |                             "+============================================================+\r\n\r\n",
      |                             ~~~~~~~~~~~~~~~~~~~~~~~~~~~~~~~~~~~~~~~~~~~~~~~~~~~~~~~~~~~~~~~~~~~~~~~~~
  591 |                             roll,
      |                             ~~~~~
  592 |                             (fabs(roll) < 10) ? "(Good)" : (fabs(roll) > 45) ? "(WRONG ORIENTATION!)" : "(Tilted)",
      |                             ~~~~~~~~~~~~~~~~~~~~~~~~~~~~~~~~~~~~~~~~~~~~~~~~~~~~~~~~~~~~~~~~~~~~~~~~~~~~~~~~~~~~~~~
  593 |                             pitch,
      |                             ~~~~~~
  594 |                             (fabs(pitch) < 10) ? "(Good)" : (fabs(pitch) > 45) ? "(WRONG ORIENTATION!)" : "(Tilted)",
      |                             ~~~~~~~~~~~~~~~~~~~~~~~~~~~~~~~~~~~~~~~~~~~~~~~~~~~~~~~~~~~~~~~~~~~~~~~~~~~~~~~~~~~~~~~~~
  595 |                             sqrtf(calib_data.Accel_X*calib_data.Accel_X + calib_data.Accel_Y*calib_data.Accel_Y + calib_data.Accel_Z*calib_data.Accel_Z) * 9.80665f / 16384.0f,
      |                             ~~~~~~~~~~~~~~~~~~~~~~~~~~~~~~~~~~~~~~~~~~~~~~~~~~~~~~~~~~~~~~~~~~~~~~~~~~~~~~~~~~~~~~~~~~~~~~~~~~~~~~~~~~~~~~~~~~~~~~~~~~~~~~~~~~~~~~~~~~~~~~~~~~~
  596 |                             sqrtf(calib_data.Gyro_X*calib_data.Gyro_X + calib_data.Gyro_Y*calib_data.Gyro_Y + calib_data.Gyro_Z*calib_data.Gyro_Z) / 131.0f,
      |                             ~~~~~~~~~~~~~~~~~~~~~~~~~~~~~~~~~~~~~~~~~~~~~~~~~~~~~~~~~~~~~~~~~~~~~~~~~~~~~~~~~~~~~~~~~~~~~~~~~~~~~~~~~~~~~~~~~~~~~~~~~~~~~~~~
  597 |                             (fabs(roll) > 45 || fabs(pitch) > 45) ?
      |                             ~~~~~~~~~~~~~~~~~~~~~~~~~~~~~~~~~~~~~~~
  598 |                             "WARNING: Sensor appears incorrectly mounted!" :
      |                             ~~~~~~~~~~~~~~~~~~~~~~~~~~~~~~~~~~~~~~~~~~~~~~~~
  599 |                             (fabs(roll) < 5 && fabs(pitch) < 5) ?
      |                             ~~~~~~~~~~~~~~~~~~~~~~~~~~~~~~~~~~~~~
  600 |                             "GOOD: Sensor is properly oriented" :
      |                             ~~~~~~~~~~~~~~~~~~~~~~~~~~~~~~~~~~~~~
  601 |                             "OK: Sensor slightly tilted but acceptable");
      |                             ~~~~~~~~~~~~~~~~~~~~~~~~~~~~~~~~~~~~~~~~~~~~
arm-none-eabi-gcc -o "xxq.elf" @"objects.list"   -mcpu=cortex-m4 -T"D:\Programs\STM32CubeIDE\workspace\xxq\STM32F446RETX_FLASH.ld" --specs=nosys.specs -Wl,-Map="xxq.map" -Wl,--gc-sections -static -u _printf_float --specs=nano.specs -mfpu=fpv4-sp-d16 -mfloat-abi=hard -mthumb -Wl,--start-group -lc -lm -Wl,--end-group
D:/Programs/STM32CubeIDE/STM32CubeIDE_1.19.0/STM32CubeIDE/plugins/com.st.stm32cube.ide.mcu.externaltools.gnu-tools-for-stm32.13.3.rel1.win32_1.0.0.202411081344/tools/bin/../lib/gcc/arm-none-eabi/13.3.1/../../../../arm-none-eabi/bin/ld.exe: warning: xxq.elf has a LOAD segment with RWX permissions
Finished building target: xxq.elf
 
arm-none-eabi-size  xxq.elf 
arm-none-eabi-objdump -h -S xxq.elf  > "xxq.list"
   text	   data	    bss	    dec	    hex	filename
  75668	    512	   3064	  79244	  1358c	xxq.elf
Finished building: default.size.stdout
 
Finished building: xxq.list
 
