09:46:33 **** Incremental Build of configuration Debug for project xxq ****
make -j16 all 
arm-none-eabi-gcc "../Core/Src/hardware/radar.c" -mcpu=cortex-m4 -std=gnu11 -g3 -DUSE_HAL_DRIVER -DSTM32F446xx -DDEBUG -c -I../Core/Inc -I../Drivers/STM32F4xx_HAL_Driver/Inc -I../Drivers/STM32F4xx_HAL_Driver/Inc/Legacy -I../Drivers/CMSIS/Device/ST/STM32F4xx/Include -I../Drivers/CMSIS/Include -O0 -ffunction-sections -fdata-sections -Wall -fstack-usage -fcyclomatic-complexity -MMD -MP -MF"Core/Src/hardware/radar.d" -MT"Core/Src/hardware/radar.o" --specs=nano.specs -mfpu=fpv4-sp-d16 -mfloat-abi=hard -mthumb -o "Core/Src/hardware/radar.o"
arm-none-eabi-gcc "../Core/Src/main.c" -mcpu=cortex-m4 -std=gnu11 -g3 -DUSE_HAL_DRIVER -DSTM32F446xx -DDEBUG -c -I../Core/Inc -I../Drivers/STM32F4xx_HAL_Driver/Inc -I../Drivers/STM32F4xx_HAL_Driver/Inc/Legacy -I../Drivers/CMSIS/Device/ST/STM32F4xx/Include -I../Drivers/CMSIS/Include -O0 -ffunction-sections -fdata-sections -Wall -fstack-usage -fcyclomatic-complexity -MMD -MP -MF"Core/Src/main.d" -MT"Core/Src/main.o" --specs=nano.specs -mfpu=fpv4-sp-d16 -mfloat-abi=hard -mthumb -o "Core/Src/main.o"
arm-none-eabi-gcc "../Core/Src/usart.c" -mcpu=cortex-m4 -std=gnu11 -g3 -DUSE_HAL_DRIVER -DSTM32F446xx -DDEBUG -c -I../Core/Inc -I../Drivers/STM32F4xx_HAL_Driver/Inc -I../Drivers/STM32F4xx_HAL_Driver/Inc/Legacy -I../Drivers/CMSIS/Device/ST/STM32F4xx/Include -I../Drivers/CMSIS/Include -O0 -ffunction-sections -fdata-sections -Wall -fstack-usage -fcyclomatic-complexity -MMD -MP -MF"Core/Src/usart.d" -MT"Core/Src/usart.o" --specs=nano.specs -mfpu=fpv4-sp-d16 -mfloat-abi=hard -mthumb -o "Core/Src/usart.o"
../Core/Src/hardware/radar.c: In function 'Radar_Scanner_Start':
../Core/Src/hardware/radar.c:682:23: warning: unused variable 'start_status' [-Wunused-variable]
  682 |     HAL_StatusTypeDef start_status = Radar_StartScan(scanner->huart_radar);
      |                       ^~~~~~~~~~~~
../Core/Src/hardware/radar.c:679:14: warning: unused variable 'cleared' [-Wunused-variable]
  679 |     uint32_t cleared = Radar_ClearReceiveBuffer(scanner->huart_radar);
      |              ^~~~~~~
../Core/Src/main.c: In function 'main':
../Core/Src/main.c:524:19: warning: implicit declaration of function 'Send_Lidar_JSON' [-Wimplicit-function-declaration]
  524 |                   Send_Lidar_JSON(&huart4, &scan_result);
      |                   ^~~~~~~~~~~~~~~
../Core/Src/main.c:446:23: warning: unused variable 'last_pose_time' [-Wunused-variable]
  446 |       static uint32_t last_pose_time = 0;
      |                       ^~~~~~~~~~~~~~
../Core/Src/main.c:445:23: warning: unused variable 'last_odom_time' [-Wunused-variable]
  445 |       static uint32_t last_odom_time = 0;
      |                       ^~~~~~~~~~~~~~
../Core/Src/main.c: At top level:
../Core/Src/main.c:1329:6: warning: conflicting types for 'Send_Lidar_JSON'; have 'void(UART_HandleTypeDef *, RadarScanResult *)' {aka 'void(struct __UART_HandleTypeDef *, RadarScanResult *)'}
 1329 | void Send_Lidar_JSON(UART_HandleTypeDef *huart, RadarScanResult *result) {
      |      ^~~~~~~~~~~~~~~
../Core/Src/main.c:524:19: note: previous implicit declaration of 'Send_Lidar_JSON' with type 'void(UART_HandleTypeDef *, RadarScanResult *)' {aka 'void(struct __UART_HandleTypeDef *, RadarScanResult *)'}
  524 |                   Send_Lidar_JSON(&huart4, &scan_result);
      |                   ^~~~~~~~~~~~~~~
../Core/Src/main.c: In function 'Command_ProcessUserInput':
../Core/Src/main.c:803:29: warning: '
+=========================...' directive output truncated writing 68 bytes into a region of size 41 [-Wformat-truncation=]
  803 |                             "\r\n+==================== MPU6500 DATA ANALYSIS ====================+\r\n"
      |                             ^~~~~~~~~~~~~~~~~~~~~~~~~~~~~~~~~~~~~~~~~~~~~~~~~~~~~~~~~~~~~~~~~~~~~~~~~~~
../Core/Src/main.c:814:69: note: format string is defined here
  813 |                             "|   %s\r\n"
      |                                    ~~~~~                             
  814 |                             "+============================================================+\r\n\r\n",
      |                             ~~~~~~~~~~~~~~~~~~~~~~~~~~~~~~~~~~~~~~~~^~~~~~~~~~~~~~~~~~~~~~~~~~~~~~~
../Core/Src/main.c:802:21: note: 'snprintf' output 678 or more bytes into a destination of size 650
  802 |                     snprintf(analysis, sizeof(analysis),
      |                     ^~~~~~~~~~~~~~~~~~~~~~~~~~~~~~~~~~~~
  803 |                             "\r\n+==================== MPU6500 DATA ANALYSIS ====================+\r\n"
      |                             ~~~~~~~~~~~~~~~~~~~~~~~~~~~~~~~~~~~~~~~~~~~~~~~~~~~~~~~~~~~~~~~~~~~~~~~~~~~
  804 |                             "| SENSOR ORIENTATION ANALYSIS:                               |\r\n"
      |                             ~~~~~~~~~~~~~~~~~~~~~~~~~~~~~~~~~~~~~~~~~~~~~~~~~~~~~~~~~~~~~~~~~~~~
  805 |                             "|   Roll:  %6.1f° %s\r\n"
      |                             ~~~~~~~~~~~~~~~~~~~~~~~~~~
  806 |                             "|   Pitch: %6.1f° %s\r\n"
      |                             ~~~~~~~~~~~~~~~~~~~~~~~~~~
  807 |                             "|                                                            |\r\n"
      |                             ~~~~~~~~~~~~~~~~~~~~~~~~~~~~~~~~~~~~~~~~~~~~~~~~~~~~~~~~~~~~~~~~~~~~
  808 |                             "| MOTION ANALYSIS:                                           |\r\n"
      |                             ~~~~~~~~~~~~~~~~~~~~~~~~~~~~~~~~~~~~~~~~~~~~~~~~~~~~~~~~~~~~~~~~~~~~
  809 |                             "|   Accel Total: %5.2f m/s² (Normal ~9.8 when static)       |\r\n"
      |                             ~~~~~~~~~~~~~~~~~~~~~~~~~~~~~~~~~~~~~~~~~~~~~~~~~~~~~~~~~~~~~~~~~~~
  810 |                             "|   Gyro Total:  %5.2f deg/s (Normal ~0 when static)        |\r\n"
      |                             ~~~~~~~~~~~~~~~~~~~~~~~~~~~~~~~~~~~~~~~~~~~~~~~~~~~~~~~~~~~~~~~~~~~
  811 |                             "|                                                            |\r\n"
      |                             ~~~~~~~~~~~~~~~~~~~~~~~~~~~~~~~~~~~~~~~~~~~~~~~~~~~~~~~~~~~~~~~~~~~~
  812 |                             "| INSTALLATION CHECK:                                        |\r\n"
      |                             ~~~~~~~~~~~~~~~~~~~~~~~~~~~~~~~~~~~~~~~~~~~~~~~~~~~~~~~~~~~~~~~~~~~~
  813 |                             "|   %s\r\n"
      |                             ~~~~~~~~~~~~
  814 |                             "+============================================================+\r\n\r\n",
      |                             ~~~~~~~~~~~~~~~~~~~~~~~~~~~~~~~~~~~~~~~~~~~~~~~~~~~~~~~~~~~~~~~~~~~~~~~~~
  815 |                             roll,
      |                             ~~~~~
  816 |                             (fabs(roll) < 10) ? "(Good)" : (fabs(roll) > 45) ? "(WRONG ORIENTATION!)" : "(Tilted)",
      |                             ~~~~~~~~~~~~~~~~~~~~~~~~~~~~~~~~~~~~~~~~~~~~~~~~~~~~~~~~~~~~~~~~~~~~~~~~~~~~~~~~~~~~~~~
  817 |                             pitch,
      |                             ~~~~~~
  818 |                             (fabs(pitch) < 10) ? "(Good)" : (fabs(pitch) > 45) ? "(WRONG ORIENTATION!)" : "(Tilted)",
      |                             ~~~~~~~~~~~~~~~~~~~~~~~~~~~~~~~~~~~~~~~~~~~~~~~~~~~~~~~~~~~~~~~~~~~~~~~~~~~~~~~~~~~~~~~~~
  819 |                             sqrtf(calib_data.Accel_X*calib_data.Accel_X + calib_data.Accel_Y*calib_data.Accel_Y + calib_data.Accel_Z*calib_data.Accel_Z) * 9.80665f / 16384.0f,
      |                             ~~~~~~~~~~~~~~~~~~~~~~~~~~~~~~~~~~~~~~~~~~~~~~~~~~~~~~~~~~~~~~~~~~~~~~~~~~~~~~~~~~~~~~~~~~~~~~~~~~~~~~~~~~~~~~~~~~~~~~~~~~~~~~~~~~~~~~~~~~~~~~~~~~~
  820 |                             sqrtf(calib_data.Gyro_X*calib_data.Gyro_X + calib_data.Gyro_Y*calib_data.Gyro_Y + calib_data.Gyro_Z*calib_data.Gyro_Z) / 131.0f,
      |                             ~~~~~~~~~~~~~~~~~~~~~~~~~~~~~~~~~~~~~~~~~~~~~~~~~~~~~~~~~~~~~~~~~~~~~~~~~~~~~~~~~~~~~~~~~~~~~~~~~~~~~~~~~~~~~~~~~~~~~~~~~~~~~~~~
  821 |                             (fabs(roll) > 45 || fabs(pitch) > 45) ?
      |                             ~~~~~~~~~~~~~~~~~~~~~~~~~~~~~~~~~~~~~~~
  822 |                             "WARNING: Sensor appears incorrectly mounted!" :
      |                             ~~~~~~~~~~~~~~~~~~~~~~~~~~~~~~~~~~~~~~~~~~~~~~~~
  823 |                             (fabs(roll) < 5 && fabs(pitch) < 5) ?
      |                             ~~~~~~~~~~~~~~~~~~~~~~~~~~~~~~~~~~~~~
  824 |                             "GOOD: Sensor is properly oriented" :
      |                             ~~~~~~~~~~~~~~~~~~~~~~~~~~~~~~~~~~~~~
  825 |                             "OK: Sensor slightly tilted but acceptable");
      |                             ~~~~~~~~~~~~~~~~~~~~~~~~~~~~~~~~~~~~~~~~~~~~
arm-none-eabi-gcc -o "xxq.elf" @"objects.list"   -mcpu=cortex-m4 -T"D:\Programs\STM32CubeIDE\workspace\xxq\STM32F446RETX_FLASH.ld" --specs=nosys.specs -Wl,-Map="xxq.map" -Wl,--gc-sections -static -u _printf_float --specs=nano.specs -mfpu=fpv4-sp-d16 -mfloat-abi=hard -mthumb -Wl,--start-group -lc -lm -Wl,--end-group
D:/Programs/STM32CubeIDE/STM32CubeIDE_1.19.0/STM32CubeIDE/plugins/com.st.stm32cube.ide.mcu.externaltools.gnu-tools-for-stm32.13.3.rel1.win32_1.0.0.202411081344/tools/bin/../lib/gcc/arm-none-eabi/13.3.1/../../../../arm-none-eabi/bin/ld.exe: warning: xxq.elf has a LOAD segment with RWX permissions
Finished building target: xxq.elf
 
arm-none-eabi-size  xxq.elf 
arm-none-eabi-objdump -h -S xxq.elf  > "xxq.list"
   text	   data	    bss	    dec	    hex	filename
  87464	    512	   3640	  91616	  165e0	xxq.elf
Finished building: default.size.stdout
 
Finished building: xxq.list
 

09:46:34 Build Finished. 0 errors, 8 warnings. (took 979ms)

